Archive member included to satisfy reference by file (symbol)

/usr/lib/gcc/arm-none-eabi/5.4.1/armv7e-m/fpu/libgcc.a(_arm_addsubdf3.o)
                              build/main.o (__aeabi_f2d)
/usr/lib/gcc/arm-none-eabi/5.4.1/armv7e-m/fpu/libgcc.a(_arm_muldivdf3.o)
                              build/main.o (__aeabi_dmul)
/usr/lib/gcc/arm-none-eabi/5.4.1/armv7e-m/fpu/libgcc.a(_arm_fixdfsi.o)
                              build/main.o (__aeabi_d2iz)
/usr/lib/gcc/arm-none-eabi/5.4.1/armv7e-m/fpu/libgcc.a(_arm_truncdfsf2.o)
                              build/main.o (__aeabi_d2f)
/usr/lib/gcc/arm-none-eabi/5.4.1/../../../arm-none-eabi/lib/armv7e-m/fpu/libg.a(lib_a-atexit.o)
                              /usr/lib/gcc/arm-none-eabi/5.4.1/../../../arm-none-eabi/lib/armv7e-m/fpu/crt0.o (atexit)
/usr/lib/gcc/arm-none-eabi/5.4.1/../../../arm-none-eabi/lib/armv7e-m/fpu/libg.a(lib_a-ctype_.o)
                              build/parser.o (__ctype_ptr__)
/usr/lib/gcc/arm-none-eabi/5.4.1/../../../arm-none-eabi/lib/armv7e-m/fpu/libg.a(lib_a-errno.o)
                              build/syscall.o (__errno)
/usr/lib/gcc/arm-none-eabi/5.4.1/../../../arm-none-eabi/lib/armv7e-m/fpu/libg.a(lib_a-exit.o)
                              /usr/lib/gcc/arm-none-eabi/5.4.1/../../../arm-none-eabi/lib/armv7e-m/fpu/crt0.o (exit)
/usr/lib/gcc/arm-none-eabi/5.4.1/../../../arm-none-eabi/lib/armv7e-m/fpu/libg.a(lib_a-fini.o)
                              /usr/lib/gcc/arm-none-eabi/5.4.1/../../../arm-none-eabi/lib/armv7e-m/fpu/crt0.o (__libc_fini_array)
/usr/lib/gcc/arm-none-eabi/5.4.1/../../../arm-none-eabi/lib/armv7e-m/fpu/libg.a(lib_a-impure.o)
                              /usr/lib/gcc/arm-none-eabi/5.4.1/../../../arm-none-eabi/lib/armv7e-m/fpu/libg.a(lib_a-exit.o) (_global_impure_ptr)
/usr/lib/gcc/arm-none-eabi/5.4.1/../../../arm-none-eabi/lib/armv7e-m/fpu/libg.a(lib_a-init.o)
                              /usr/lib/gcc/arm-none-eabi/5.4.1/../../../arm-none-eabi/lib/armv7e-m/fpu/crt0.o (__libc_init_array)
/usr/lib/gcc/arm-none-eabi/5.4.1/../../../arm-none-eabi/lib/armv7e-m/fpu/libg.a(lib_a-memset.o)
                              /usr/lib/gcc/arm-none-eabi/5.4.1/../../../arm-none-eabi/lib/armv7e-m/fpu/crt0.o (memset)
/usr/lib/gcc/arm-none-eabi/5.4.1/../../../arm-none-eabi/lib/armv7e-m/fpu/libg.a(lib_a-printf.o)
                              build/main.o (printf)
/usr/lib/gcc/arm-none-eabi/5.4.1/../../../arm-none-eabi/lib/armv7e-m/fpu/libg.a(lib_a-putchar.o)
                              build/parser.o (putchar)
/usr/lib/gcc/arm-none-eabi/5.4.1/../../../arm-none-eabi/lib/armv7e-m/fpu/libg.a(lib_a-puts.o)
                              build/main.o (puts)
/usr/lib/gcc/arm-none-eabi/5.4.1/../../../arm-none-eabi/lib/armv7e-m/fpu/libg.a(lib_a-setvbuf.o)
                              build/terminal.o (setvbuf)
/usr/lib/gcc/arm-none-eabi/5.4.1/../../../arm-none-eabi/lib/armv7e-m/fpu/libg.a(lib_a-strcasecmp.o)
                              build/parser.o (strcasecmp)
/usr/lib/gcc/arm-none-eabi/5.4.1/../../../arm-none-eabi/lib/armv7e-m/fpu/libg.a(lib_a-strcpy.o)
                              build/parser.o (strcpy)
/usr/lib/gcc/arm-none-eabi/5.4.1/../../../arm-none-eabi/lib/armv7e-m/fpu/libg.a(lib_a-strlen.o)
                              build/parser.o (strlen)
/usr/lib/gcc/arm-none-eabi/5.4.1/../../../arm-none-eabi/lib/armv7e-m/fpu/libg.a(lib_a-strtok.o)
                              build/parser.o (strtok)
/usr/lib/gcc/arm-none-eabi/5.4.1/../../../arm-none-eabi/lib/armv7e-m/fpu/libg.a(lib_a-strtok_r.o)
                              /usr/lib/gcc/arm-none-eabi/5.4.1/../../../arm-none-eabi/lib/armv7e-m/fpu/libg.a(lib_a-strtok.o) (__strtok_r)
/usr/lib/gcc/arm-none-eabi/5.4.1/../../../arm-none-eabi/lib/armv7e-m/fpu/libg.a(lib_a-strtol.o)
                              build/parser.o (strtol)
/usr/lib/gcc/arm-none-eabi/5.4.1/../../../arm-none-eabi/lib/armv7e-m/fpu/libg.a(lib_a-strtoul.o)
                              build/parser.o (strtoul)
/usr/lib/gcc/arm-none-eabi/5.4.1/../../../arm-none-eabi/lib/armv7e-m/fpu/libg.a(lib_a-vfprintf.o)
                              /usr/lib/gcc/arm-none-eabi/5.4.1/../../../arm-none-eabi/lib/armv7e-m/fpu/libg.a(lib_a-printf.o) (_vfprintf_r)
/usr/lib/gcc/arm-none-eabi/5.4.1/../../../arm-none-eabi/lib/armv7e-m/fpu/libg.a(lib_a-wsetup.o)
                              /usr/lib/gcc/arm-none-eabi/5.4.1/../../../arm-none-eabi/lib/armv7e-m/fpu/libg.a(lib_a-vfprintf.o) (__swsetup_r)
/usr/lib/gcc/arm-none-eabi/5.4.1/../../../arm-none-eabi/lib/armv7e-m/fpu/libg.a(lib_a-__atexit.o)
                              /usr/lib/gcc/arm-none-eabi/5.4.1/../../../arm-none-eabi/lib/armv7e-m/fpu/libg.a(lib_a-atexit.o) (__register_exitproc)
/usr/lib/gcc/arm-none-eabi/5.4.1/../../../arm-none-eabi/lib/armv7e-m/fpu/libg.a(lib_a-__call_atexit.o)
                              /usr/lib/gcc/arm-none-eabi/5.4.1/../../../arm-none-eabi/lib/armv7e-m/fpu/libg.a(lib_a-exit.o) (__call_exitprocs)
[...]
Memory Configuration

Name             Origin             Length             Attributes
FLASH            0x0000000008000000 0x0000000000040000 xr
RAM              0x0000000020000000 0x000000000000a000 xrw
CCMRAM           0x0000000010000000 0x0000000000002000 rw
*default*        0x0000000000000000 0xffffffffffffffff

Linker script and memory map

LOAD /usr/lib/gcc/arm-none-eabi/5.4.1/armv7e-m/fpu/crti.o
LOAD /usr/lib/gcc/arm-none-eabi/5.4.1/armv7e-m/fpu/crtbegin.o
LOAD /usr/lib/gcc/arm-none-eabi/5.4.1/../../../arm-none-eabi/lib/armv7e-m/fpu/crt0.o
LOAD build/main.o
LOAD build/Drivers/BSP/Components/lsm303dlhc/lsm303dlhc.o
LOAD build/mycode.o
LOAD build/mytest.o
LOAD build/compass.o
LOAD build/monitor.o
LOAD build/parser.o
LOAD build/dump.o
LOAD build/syscall.o
LOAD build/terminal.o
LOAD build/decoder/decoder.o
LOAD build/decoder/STM32F30x_decoder.o
LOAD build/Drivers/CMSIS/Device/ST/STM32F3xx/Source/Templates/system_stm32f3xx.o
LOAD build/Drivers/STM32F3xx_HAL_Driver/Src/stm32f3xx_hal_rcc.o
LOAD build/Drivers/STM32F3xx_HAL_Driver/Src/stm32f3xx_hal.o
LOAD build/Drivers/STM32F3xx_HAL_Driver/Src/stm32f3xx_hal_cortex.o
LOAD build/Drivers/STM32F3xx_HAL_Driver/Src/stm32f3xx_hal_uart.o
LOAD build/Drivers/STM32F3xx_HAL_Driver/Src/stm32f3xx_hal_gpio.o
LOAD build/Drivers/STM32F3xx_HAL_Driver/Src/stm32f3xx_hal_pcd.o
LOAD build/Drivers/STM32F3xx_HAL_Driver/Src/stm32f3xx_hal_pcd_ex.o
LOAD build/Drivers/STM32F3xx_HAL_Driver/Src/stm32f3xx_hal_i2c.o
LOAD build/Drivers/STM32F3xx_HAL_Driver/Src/stm32f3xx_hal_spi.o
LOAD build/Drivers/STM32_USB_Device_Library/Core/Src/usbd_core.o
LOAD build/Drivers/STM32_USB_Device_Library/Core/Src/usbd_ctlreq.o
LOAD build/Drivers/STM32_USB_Device_Library/Core/Src/usbd_ioreq.o
LOAD build/Drivers/STM32_USB_Device_Library/Class/CDC/Src/usbd_cdc.o
LOAD build/usbd_conf.o
LOAD build/usbd_desc.o
LOAD build/usbd_cdc_interface.o
LOAD build/Drivers/BSP/STM32F3-Discovery/stm32f3_discovery.o
LOAD build/Drivers/BSP/STM32F3-Discovery/stm32f3_discovery_accelerometer.o
LOAD build/Drivers/BSP/STM32F3-Discovery/stm32f3_discovery_gyroscope.o
LOAD build/Drivers/BSP/Components/l3gd20/l3gd20.o
LOAD build/Drivers/CMSIS/Device/ST/STM32F3xx/Source/Templates/gcc/startup_stm32f303xc.o
START GROUP
LOAD /usr/lib/gcc/arm-none-eabi/5.4.1/armv7e-m/fpu/libgcc.a
LOAD /usr/lib/gcc/arm-none-eabi/5.4.1/../../../arm-none-eabi/lib/armv7e-m/fpu/libg.a
LOAD /usr/lib/gcc/arm-none-eabi/5.4.1/../../../arm-none-eabi/lib/armv7e-m/fpu/libc.a
END GROUP
LOAD /usr/lib/gcc/arm-none-eabi/5.4.1/armv7e-m/fpu/crtend.o
LOAD /usr/lib/gcc/arm-none-eabi/5.4.1/armv7e-m/fpu/crtn.o
                0x0000000020008000                _estack = 0x20008000
                0x0000000000001000                _Min_Heap_Size = 0x1000
                0x0000000000000400                _Min_Stack_Size = 0x400

.isr_vector     0x0000000008000000      0x188
                0x0000000008000000                . = ALIGN (0x4)
 *(.isr_vector)
 .isr_vector    0x0000000008000000      0x188 build/Drivers/CMSIS/Device/ST/STM32F3xx/Source/Templates/gcc/startup_stm32f303xc.o
                0x0000000008000000                g_pfnVectors
                0x0000000008000188                . = ALIGN (0x4)

.text           0x00000000080001c0     0xc8b8
                0x00000000080001c0                . = ALIGN (0x4)
 *(.text)
 .text          0x00000000080001c0       0xa4 /usr/lib/gcc/arm-none-eabi/5.4.1/armv7e-m/fpu/crtbegin.o
 .text          0x0000000008000264       0x38 build/mycode.o
                0x0000000008000264                mytest
                0x000000000800027c                my_Tick
                0x0000000008000290                my_Loop
                0x0000000008000294                my_Init
 .text          0x000000000800029c       0x1c build/compass.o
                0x000000000800029c                clearAllLeds
 .text          0x00000000080002b8      0x370 /usr/lib/gcc/arm-none-eabi/5.4.1/armv7e-m/fpu/libgcc.a(_arm_addsubdf3.o)
                0x00000000080002b8                __aeabi_drsub
                0x00000000080002c0                __aeabi_dsub
                0x00000000080002c0                __subdf3
                0x00000000080002c4                __adddf3
                0x00000000080002c4                __aeabi_dadd
                0x000000000800053c                __aeabi_ui2d
                0x000000000800053c                __floatunsidf
                0x000000000800055c                __floatsidf
                0x000000000800055c                __aeabi_i2d
                0x0000000008000580                __extendsfdf2
                0x0000000008000580                __aeabi_f2d
                0x00000000080005bc                __aeabi_ul2d
                0x00000000080005bc                __floatundidf
                0x00000000080005cc                __floatdidf
                0x00000000080005cc                __aeabi_l2d
 .text          0x0000000008000628      0x424 /usr/lib/gcc/arm-none-eabi/5.4.1/armv7e-m/fpu/libgcc.a(_arm_muldivdf3.o)
                0x0000000008000628                __aeabi_dmul
                0x0000000008000628                __muldf3
                0x000000000800087c                __aeabi_ddiv
                0x000000000800087c                __divdf3
 .text          0x0000000008000a4c       0x50 /usr/lib/gcc/arm-none-eabi/5.4.1/armv7e-m/fpu/libgcc.a(_arm_fixdfsi.o)
                0x0000000008000a4c                __fixdfsi
                0x0000000008000a4c                __aeabi_d2iz
 .text          0x0000000008000a9c       0xa0 /usr/lib/gcc/arm-none-eabi/5.4.1/armv7e-m/fpu/libgcc.a(_arm_truncdfsf2.o)
                0x0000000008000a9c                __aeabi_d2f
                0x0000000008000a9c                __truncdfsf2
 .text          0x0000000008000b3c        0xc /usr/lib/gcc/arm-none-eabi/5.4.1/../../../arm-none-eabi/lib/armv7e-m/fpu/libg.a(lib_a-atexit.o)
                0x0000000008000b3c                atexit
 .text          0x0000000008000b48        0xc /usr/lib/gcc/arm-none-eabi/5.4.1/../../../arm-none-eabi/lib/armv7e-m/fpu/libg.a(lib_a-errno.o)
                0x0000000008000b48                __errno
 .text          0x0000000008000b54       0x28 /usr/lib/gcc/arm-none-eabi/5.4.1/../../../arm-none-eabi/lib/armv7e-m/fpu/libg.a(lib_a-fini.o)
                0x0000000008000b54                __libc_fini_array
 .text          0x0000000008000b7c       0x50 /usr/lib/gcc/arm-none-eabi/5.4.1/../../../arm-none-eabi/lib/armv7e-m/fpu/libg.a(lib_a-init.o)
                0x0000000008000b7c                __libc_init_array
 .text          0x0000000008000bcc       0x9c /usr/lib/gcc/arm-none-eabi/5.4.1/../../../arm-none-eabi/lib/armv7e-m/fpu/libg.a(lib_a-memset.o)
                0x0000000008000bcc                memset
 .text          0x0000000008000c68       0x48 /usr/lib/gcc/arm-none-eabi/5.4.1/../../../arm-none-eabi/lib/armv7e-m/fpu/libg.a(lib_a-printf.o)
                0x0000000008000c68                _printf_r
                0x0000000008000c88                printf
 .text          0x0000000008000cb0       0x1c /usr/lib/gcc/arm-none-eabi/5.4.1/../../../arm-none-eabi/lib/armv7e-m/fpu/libg.a(lib_a-putchar.o)
                0x0000000008000cb0                _putchar_r
                0x0000000008000cb8                putchar
 .text          0x0000000008000ccc       0x78 /usr/lib/gcc/arm-none-eabi/5.4.1/../../../arm-none-eabi/lib/armv7e-m/fpu/libg.a(lib_a-puts.o)
                0x0000000008000ccc                _puts_r
                0x0000000008000d34                puts
 .text          0x0000000008000d44      0x150 /usr/lib/gcc/arm-none-eabi/5.4.1/../../../arm-none-eabi/lib/armv7e-m/fpu/libg.a(lib_a-setvbuf.o)
                0x0000000008000d44                setvbuf
 .text          0x0000000008000e94       0x4c /usr/lib/gcc/arm-none-eabi/5.4.1/../../../arm-none-eabi/lib/armv7e-m/fpu/libg.a(lib_a-strcasecmp.o)
                0x0000000008000e94                strcasecmp
 .text          0x0000000008000ee0       0xbc /usr/lib/gcc/arm-none-eabi/5.4.1/../../../arm-none-eabi/lib/armv7e-m/fpu/libg.a(lib_a-strcpy.o)
                0x0000000008000ee0                strcpy
 *fill*         0x0000000008000f9c       0x24 
 .text          0x0000000008000fc0       0xdc /usr/lib/gcc/arm-none-eabi/5.4.1/../../../arm-none-eabi/lib/armv7e-m/fpu/libg.a(lib_a-strlen.o)
                0x0000000008000fc0                strlen
 .text          0x000000000800109c       0x10 /usr/lib/gcc/arm-none-eabi/5.4.1/../../../arm-none-eabi/lib/armv7e-m/fpu/libg.a(lib_a-strtok.o)
                0x000000000800109c                strtok
 .text          0x00000000080010ac       0x6c /usr/lib/gcc/arm-none-eabi/5.4.1/../../../arm-none-eabi/lib/armv7e-m/fpu/libg.a(lib_a-strtok_r.o)
                0x00000000080010ac                __strtok_r
                0x0000000008001110                strtok_r
 .text          0x0000000008001118      0x140 /usr/lib/gcc/arm-none-eabi/5.4.1/../../../arm-none-eabi/lib/armv7e-m/fpu/libg.a(lib_a-strtol.o)
                0x0000000008001118                _strtol_r
                0x0000000008001240                strtol
 .text          0x0000000008001258      0x14c /usr/lib/gcc/arm-none-eabi/5.4.1/../../../arm-none-eabi/lib/armv7e-m/fpu/libg.a(lib_a-strtoul.o)
                0x0000000008001258                _strtoul_r
                0x000000000800138c                strtoul
 *fill*         0x00000000080013a4        0x4 
 .text          0x00000000080013a8     0x17ac /usr/lib/gcc/arm-none-eabi/5.4.1/../../../arm-none-eabi/lib/armv7e-m/fpu/libg.a(lib_a-vfprintf.o)
                0x00000000080013a8                _vfprintf_r
                0x0000000008002ad0                vfprintf
 .text          0x0000000008002b54       0xc8 /usr/lib/gcc/arm-none-eabi/5.4.1/../../../arm-none-eabi/lib/armv7e-m/fpu/libg.a(lib_a-wsetup.o)
                0x0000000008002b54                __swsetup_r
 .text          0x0000000008002c1c       0xa4 /usr/lib/gcc/arm-none-eabi/5.4.1/../../../arm-none-eabi/lib/armv7e-m/fpu/libg.a(lib_a-__atexit.o)
                0x0000000008002c1c                __register_exitproc
 .text          0x0000000008002cc0      0xf5c /usr/lib/gcc/arm-none-eabi/5.4.1/../../../arm-none-eabi/lib/armv7e-m/fpu/libg.a(lib_a-dtoa.o)
                0x0000000008002de8                _dtoa_r
 .text          0x0000000008003c1c      0x198 /usr/lib/gcc/arm-none-eabi/5.4.1/../../../arm-none-eabi/lib/armv7e-m/fpu/libg.a(lib_a-fflush.o)
                0x0000000008003c1c                __sflush_r
                0x0000000008003d64                _fflush_r
                0x0000000008003d90                fflush
 .text          0x0000000008003db4      0x210 /usr/lib/gcc/arm-none-eabi/5.4.1/../../../arm-none-eabi/lib/armv7e-m/fpu/libg.a(lib_a-findfp.o)
                0x0000000008003db8                _cleanup_r
                0x0000000008003eb8                __sfmoreglue
                0x0000000008003ee8                __sfp
                0x0000000008003f70                _cleanup
                0x0000000008003f84                __sinit
                0x0000000008003f8c                __sfp_lock_acquire
                0x0000000008003f90                __sfp_lock_release
                0x0000000008003f94                __sinit_lock_acquire
                0x0000000008003f98                __sinit_lock_release
                0x0000000008003f9c                __fp_lock_all
                0x0000000008003fb0                __fp_unlock_all
 .text          0x0000000008003fc4      0x26c /usr/lib/gcc/arm-none-eabi/5.4.1/../../../arm-none-eabi/lib/armv7e-m/fpu/libg.a(lib_a-freer.o)
                0x0000000008003fc4                _malloc_trim_r
                0x0000000008004060                _free_r
 .text          0x0000000008004230      0x304 /usr/lib/gcc/arm-none-eabi/5.4.1/../../../arm-none-eabi/lib/armv7e-m/fpu/libg.a(lib_a-fvwrite.o)
                0x0000000008004230                __sfvwrite_r
 .text          0x0000000008004534       0xa0 /usr/lib/gcc/arm-none-eabi/5.4.1/../../../arm-none-eabi/lib/armv7e-m/fpu/libg.a(lib_a-fwalk.o)
                0x0000000008004534                _fwalk
                0x0000000008004580                _fwalk_reent
 .text          0x00000000080045d4       0x80 /usr/lib/gcc/arm-none-eabi/5.4.1/../../../arm-none-eabi/lib/armv7e-m/fpu/libg.a(lib_a-locale.o)
                0x00000000080045d4                _setlocale_r
                0x0000000008004614                __locale_charset
                0x000000000800461c                __locale_mb_cur_max
                0x0000000008004628                __locale_msgcharset
                0x0000000008004630                __locale_cjk_lang
                0x0000000008004634                _localeconv_r
                0x000000000800463c                setlocale
                0x000000000800464c                localeconv
 .text          0x0000000008004654       0xe8 /usr/lib/gcc/arm-none-eabi/5.4.1/../../../arm-none-eabi/lib/armv7e-m/fpu/libg.a(lib_a-makebuf.o)
                0x0000000008004654                __swhatbuf_r
                0x00000000080046b4                __smakebuf_r
 .text          0x000000000800473c       0x20 /usr/lib/gcc/arm-none-eabi/5.4.1/../../../arm-none-eabi/lib/armv7e-m/fpu/libg.a(lib_a-malloc.o)
                0x000000000800473c                malloc
                0x000000000800474c                free
 .text          0x000000000800475c      0x56c /usr/lib/gcc/arm-none-eabi/5.4.1/../../../arm-none-eabi/lib/armv7e-m/fpu/libg.a(lib_a-mallocr.o)
                0x000000000800475c                _malloc_r
 *fill*         0x0000000008004cc8        0x8 
 .text          0x0000000008004cd0       0xa0 /usr/lib/gcc/arm-none-eabi/5.4.1/../../../arm-none-eabi/lib/armv7e-m/fpu/libg.a(lib_a-memchr.o)
                0x0000000008004cd0                memchr
 .text          0x0000000008004d70      0x134 /usr/lib/gcc/arm-none-eabi/5.4.1/../../../arm-none-eabi/lib/armv7e-m/fpu/libg.a(lib_a-memcpy.o)
                0x0000000008004d70                memcpy
 .text          0x0000000008004ea4       0xc8 /usr/lib/gcc/arm-none-eabi/5.4.1/../../../arm-none-eabi/lib/armv7e-m/fpu/libg.a(lib_a-memmove.o)
                0x0000000008004ea4                memmove
 .text          0x0000000008004f6c        0x8 /usr/lib/gcc/arm-none-eabi/5.4.1/../../../arm-none-eabi/lib/armv7e-m/fpu/libg.a(lib_a-mlock.o)
                0x0000000008004f6c                __malloc_lock
                0x0000000008004f70                __malloc_unlock
 .text          0x0000000008004f74      0x920 /usr/lib/gcc/arm-none-eabi/5.4.1/../../../arm-none-eabi/lib/armv7e-m/fpu/libg.a(lib_a-mprec.o)
                0x0000000008004f74                _Balloc
                0x0000000008004fc0                _Bfree
                0x0000000008004fd4                __multadd
                0x0000000008005054                __s2b
                0x00000000080050ec                __hi0bits
                0x000000000800512c                __lo0bits
                0x0000000008005188                __i2b
                0x000000000800519c                __multiply
                0x00000000080052cc                __pow5mult
                0x000000000800536c                __lshift
                0x000000000800541c                __mcmp
                0x0000000008005460                __mdiff
                0x0000000008005574                __ulp
                0x00000000080055c8                __b2d
                0x0000000008005698                __d2b
                0x0000000008005754                __ratio
                0x00000000080057b4                _mprec_log10
                0x00000000080057ec                __copybits
                0x0000000008005834                __any_on
 .text          0x0000000008005894       0x90 /usr/lib/gcc/arm-none-eabi/5.4.1/../../../arm-none-eabi/lib/armv7e-m/fpu/libg.a(lib_a-putc.o)
                0x0000000008005894                _putc_r
                0x00000000080058d8                putc
 .text          0x0000000008005924      0x3e0 /usr/lib/gcc/arm-none-eabi/5.4.1/../../../arm-none-eabi/lib/armv7e-m/fpu/libg.a(lib_a-reallocr.o)
                0x0000000008005924                _realloc_r
 .text          0x0000000008005d04       0x8c /usr/lib/gcc/arm-none-eabi/5.4.1/../../../arm-none-eabi/lib/armv7e-m/fpu/libg.a(lib_a-stdio.o)
                0x0000000008005d04                __sread
                0x0000000008005d28                __seofread
                0x0000000008005d2c                __swrite
                0x0000000008005d68                __sseek
                0x0000000008005d88                __sclose
 *fill*         0x0000000008005d90       0x10 
 .text          0x0000000008005da0      0x2dc /usr/lib/gcc/arm-none-eabi/5.4.1/../../../arm-none-eabi/lib/armv7e-m/fpu/libg.a(lib_a-strcmp.o)
                0x0000000008005da8                strcmp
 .text          0x000000000800607c      0xf0c /usr/lib/gcc/arm-none-eabi/5.4.1/../../../arm-none-eabi/lib/armv7e-m/fpu/libg.a(lib_a-vfiprintf.o)
                0x00000000080060f4                __sprint_r
                0x0000000008006108                _vfiprintf_r
                0x0000000008006f04                vfiprintf
 .text          0x0000000008006f88       0xbc /usr/lib/gcc/arm-none-eabi/5.4.1/../../../arm-none-eabi/lib/armv7e-m/fpu/libg.a(lib_a-wbuf.o)
                0x0000000008006f88                __swbuf_r
                0x0000000008007034                __swbuf
 .text          0x0000000008007044       0x60 /usr/lib/gcc/arm-none-eabi/5.4.1/../../../arm-none-eabi/lib/armv7e-m/fpu/libg.a(lib_a-callocr.o)
                0x0000000008007044                _calloc_r
 .text          0x00000000080070a4       0x94 /usr/lib/gcc/arm-none-eabi/5.4.1/../../../arm-none-eabi/lib/armv7e-m/fpu/libg.a(lib_a-fclose.o)
                0x00000000080070a4                _fclose_r
                0x0000000008007128                fclose
 .text          0x0000000008007138      0x100 /usr/lib/gcc/arm-none-eabi/5.4.1/../../../arm-none-eabi/lib/armv7e-m/fpu/libg.a(lib_a-fputwc.o)
                0x0000000008007138                __fputwc
                0x00000000080071d0                _fputwc_r
                0x00000000080071f8                fputwc
 .text          0x0000000008007238       0xac /usr/lib/gcc/arm-none-eabi/5.4.1/../../../arm-none-eabi/lib/armv7e-m/fpu/libg.a(lib_a-wcrtomb.o)
                0x0000000008007238                _wcrtomb_r
                0x000000000800728c                wcrtomb
 .text          0x00000000080072e4       0x4c /usr/lib/gcc/arm-none-eabi/5.4.1/../../../arm-none-eabi/lib/armv7e-m/fpu/libg.a(lib_a-wctomb_r.o)
                0x00000000080072e4                __ascii_wctomb
                0x0000000008007300                _wctomb_r
 .text          0x0000000008007330      0x110 /usr/lib/gcc/arm-none-eabi/5.4.1/armv7e-m/fpu/libgcc.a(_arm_cmpdf2.o)
                0x0000000008007330                __gtdf2
                0x0000000008007330                __gedf2
                0x0000000008007338                __ltdf2
                0x0000000008007338                __ledf2
                0x0000000008007340                __cmpdf2
                0x0000000008007340                __eqdf2
                0x0000000008007340                __nedf2
                0x00000000080073bc                __aeabi_cdrcmple
                0x00000000080073cc                __aeabi_cdcmple
                0x00000000080073cc                __aeabi_cdcmpeq
                0x00000000080073dc                __aeabi_dcmpeq
                0x00000000080073f0                __aeabi_dcmplt
                0x0000000008007404                __aeabi_dcmple
                0x0000000008007418                __aeabi_dcmpge
                0x000000000800742c                __aeabi_dcmpgt
 .text          0x0000000008007440       0x2c /usr/lib/gcc/arm-none-eabi/5.4.1/armv7e-m/fpu/libgcc.a(_arm_unorddf2.o)
                0x0000000008007440                __aeabi_dcmpun
                0x0000000008007440                __unorddf2
 .text          0x000000000800746c       0x30 /usr/lib/gcc/arm-none-eabi/5.4.1/armv7e-m/fpu/libgcc.a(_aeabi_uldivmod.o)
                0x000000000800746c                __aeabi_uldivmod
 .text          0x000000000800749c      0x2e4 /usr/lib/gcc/arm-none-eabi/5.4.1/armv7e-m/fpu/libgcc.a(_udivmoddi4.o)
                0x000000000800749c                __udivmoddi4
 .text          0x0000000008007780        0x4 /usr/lib/gcc/arm-none-eabi/5.4.1/armv7e-m/fpu/libgcc.a(_dvmd_tls.o)
                0x0000000008007780                __aeabi_ldiv0
                0x0000000008007780                __aeabi_idiv0
 *fill*         0x0000000008007784        0x4 
 .text          0x0000000008007788      0x36c /usr/lib/gcc/arm-none-eabi/5.4.1/../../../arm-none-eabi/lib/armv7e-m/fpu/libm.a(lib_a-s_atan.o)
                0x0000000008007788                atan
 .text          0x0000000008007af4       0x10 /usr/lib/gcc/arm-none-eabi/5.4.1/../../../arm-none-eabi/lib/armv7e-m/fpu/libm.a(lib_a-s_fabs.o)
                0x0000000008007af4                fabs
 .text          0x0000000008007b04       0xc0 /usr/lib/gcc/arm-none-eabi/5.4.1/../../../arm-none-eabi/lib/armv7e-m/fpu/libm.a(lib_a-w_sqrt.o)
                0x0000000008007b04                sqrt
 .text          0x0000000008007bc4      0x1a0 /usr/lib/gcc/arm-none-eabi/5.4.1/../../../arm-none-eabi/lib/armv7e-m/fpu/libm.a(lib_a-e_sqrt.o)
                0x0000000008007bc4                __ieee754_sqrt
 .text          0x0000000008007d64        0x4 /usr/lib/gcc/arm-none-eabi/5.4.1/../../../arm-none-eabi/lib/armv7e-m/fpu/libm.a(lib_a-s_matherr.o)
                0x0000000008007d64                matherr
 *(.text*)
 .text.CmdLED   0x0000000008007d68       0x5c build/main.o
                0x0000000008007d68                CmdLED
 .text.turnOnMagnetometer
                0x0000000008007dc4       0x38 build/main.o
                0x0000000008007dc4                turnOnMagnetometer
 .text.CmdAccel
                0x0000000008007dfc       0x28 build/main.o
                0x0000000008007dfc                CmdAccel
 .text.CmdGyro  0x0000000008007e24       0x54 build/main.o
                0x0000000008007e24                CmdGyro
 .text.CmdButton
                0x0000000008007e78       0x2c build/main.o
                0x0000000008007e78                CmdButton
 .text.magnetInit
                0x0000000008007ea4       0x58 build/main.o
                0x0000000008007ea4                magnetInit
 .text.Error_Handler
                0x0000000008007efc        0xa build/main.o
                0x0000000008007efc                Error_Handler
 .text.SysTick_Handler
                0x0000000008007f06        0xe build/main.o
                0x0000000008007f06                SysTick_Handler
 *fill*         0x0000000008007f14        0x4 
 .text.ledCompass
                0x0000000008007f18      0x280 build/main.o
                0x0000000008007f18                ledCompass
 .text.startup.main
                0x0000000008008198       0xa4 build/main.o
                0x0000000008008198                main
 .text.LSM303DLHC_AccInit
                0x000000000800823c       0x20 build/Drivers/BSP/Components/lsm303dlhc/lsm303dlhc.o
                0x000000000800823c                LSM303DLHC_AccInit
 .text.LSM303DLHC_AccReadID
                0x000000000800825c       0x12 build/Drivers/BSP/Components/lsm303dlhc/lsm303dlhc.o
                0x000000000800825c                LSM303DLHC_AccReadID
 .text.LSM303DLHC_AccRebootCmd
                0x000000000800826e       0x1c build/Drivers/BSP/Components/lsm303dlhc/lsm303dlhc.o
                0x000000000800826e                LSM303DLHC_AccRebootCmd
 .text.LSM303DLHC_AccFilterConfig
                0x000000000800828a       0x1e build/Drivers/BSP/Components/lsm303dlhc/lsm303dlhc.o
                0x000000000800828a                LSM303DLHC_AccFilterConfig
 .text.LSM303DLHC_AccFilterCmd
                0x00000000080082a8       0x1e build/Drivers/BSP/Components/lsm303dlhc/lsm303dlhc.o
                0x00000000080082a8                LSM303DLHC_AccFilterCmd
 .text.LSM303DLHC_AccReadXYZ
                0x00000000080082c6       0xce build/Drivers/BSP/Components/lsm303dlhc/lsm303dlhc.o
                0x00000000080082c6                LSM303DLHC_AccReadXYZ
 .text.LSM303DLHC_AccFilterClickCmd
                0x0000000008008394       0x1e build/Drivers/BSP/Components/lsm303dlhc/lsm303dlhc.o
                0x0000000008008394                LSM303DLHC_AccFilterClickCmd
 .text.LSM303DLHC_AccIT1Enable
                0x00000000080083b2       0x1e build/Drivers/BSP/Components/lsm303dlhc/lsm303dlhc.o
                0x00000000080083b2                LSM303DLHC_AccIT1Enable
 .text.LSM303DLHC_AccClickITEnable
                0x00000000080083d0       0x46 build/Drivers/BSP/Components/lsm303dlhc/lsm303dlhc.o
                0x00000000080083d0                LSM303DLHC_AccClickITEnable
 .text.LSM303DLHC_AccZClickITConfig
                0x0000000008008416       0x1c build/Drivers/BSP/Components/lsm303dlhc/lsm303dlhc.o
                0x0000000008008416                LSM303DLHC_AccZClickITConfig
 .text.LSM303DLHC_MagGetDataStatus
                0x0000000008008432        0x8 build/Drivers/BSP/Components/lsm303dlhc/lsm303dlhc.o
                0x0000000008008432                LSM303DLHC_MagGetDataStatus
 *fill*         0x000000000800843a        0x2 
 .text.CmdTest  0x000000000800843c       0x30 build/mytest.o
                0x000000000800843c                CmdTest
 .text.CmdW     0x000000000800846c       0x1c build/monitor.o
                0x000000000800846c                CmdW
 .text.CmdR     0x0000000008008488       0x20 build/monitor.o
                0x0000000008008488                CmdR
 .text.parse    0x00000000080084a8      0x10c build/parser.o
                0x00000000080084a8                parse
 .text.TaskInput
                0x00000000080085b4      0x130 build/parser.o
                0x00000000080085b4                TaskInput
 .text.fetch_int32_arg
                0x00000000080086e4       0x28 build/parser.o
                0x00000000080086e4                fetch_int32_arg
 .text.fetch_uint32_arg
                0x000000000800870c       0x28 build/parser.o
                0x000000000800870c                fetch_uint32_arg
 .text.fetch_string_arg
                0x0000000008008734       0x20 build/parser.o
                0x0000000008008734                fetch_string_arg
 .text.DumpBuffer
                0x0000000008008754       0xb8 build/dump.o
                0x0000000008008754                DumpBuffer
 .text.CmdDump  0x000000000800880c       0x54 build/dump.o
                0x000000000800880c                CmdDump
 .text._sbrk_r  0x0000000008008860       0x34 build/syscall.o
                0x0000000008008860                _sbrk_r
 .text._close_r
                0x0000000008008894        0x6 build/syscall.o
                0x0000000008008894                _close_r
 .text._fstat_r
                0x000000000800889a        0xa build/syscall.o
                0x000000000800889a                _fstat_r
 .text._isatty_r
                0x00000000080088a4        0x4 build/syscall.o
                0x00000000080088a4                _isatty_r
 .text._lseek_r
                0x00000000080088a8        0x4 build/syscall.o
                0x00000000080088a8                _lseek_r
 .text.USBD_CDC_DataIn
                0x00000000080088ac       0x80 build/terminal.o
 .text.CmdStats
                0x000000000800892c       0x48 build/terminal.o
                0x000000000800892c                CmdStats
 .text.TerminalInit
                0x0000000008008974       0x7c build/terminal.o
                0x0000000008008974                TerminalInit
 .text.TerminalRead
                0x00000000080089f0       0x4c build/terminal.o
                0x00000000080089f0                TerminalRead
 .text._read_r  0x0000000008008a3c        0xa build/terminal.o
                0x0000000008008a3c                _read_r
 .text.TerminalReadNonBlock
                0x0000000008008a46       0x10 build/terminal.o
                0x0000000008008a46                TerminalReadNonBlock
 .text.TerminalReadAnyNonBlock
                0x0000000008008a56       0x12 build/terminal.o
                0x0000000008008a56                TerminalReadAnyNonBlock
 .text.TerminalOutputBufferWrite
                0x0000000008008a68       0xe8 build/terminal.o
                0x0000000008008a68                TerminalOutputBufferWrite
 .text._write_r
                0x0000000008008b50       0x38 build/terminal.o
                0x0000000008008b50                _write_r
 .text.TerminalInputBufferWrite
                0x0000000008008b88       0x64 build/terminal.o
                0x0000000008008b88                TerminalInputBufferWrite
 .text.USB_LP_CAN_RX0_IRQHandler
                0x0000000008008bec        0xc build/terminal.o
                0x0000000008008bec                USB_LP_CAN_RX0_IRQHandler
 .text.Uncompress
                0x0000000008008bf8       0x78 build/decoder/decoder.o
 .text.DecodeReadRegister
                0x0000000008008c70       0x58 build/decoder/decoder.o
                0x0000000008008c70                DecodeReadRegister
 .text.DecodeWriteRegister
                0x0000000008008cc8       0x54 build/decoder/decoder.o
                0x0000000008008cc8                DecodeWriteRegister
 .text.DecodeField
                0x0000000008008d1c       0x50 build/decoder/decoder.o
                0x0000000008008d1c                DecodeField
 .text.DecodeRegister
                0x0000000008008d6c       0x64 build/decoder/decoder.o
                0x0000000008008d6c                DecodeRegister
 .text.DecodePeripheral
                0x0000000008008dd0       0x4c build/decoder/decoder.o
                0x0000000008008dd0                DecodePeripheral
 .text.DecodePrintPeripherals
                0x0000000008008e1c       0x48 build/decoder/decoder.o
                0x0000000008008e1c                DecodePrintPeripherals
 .text.DecodePrintRegisters
                0x0000000008008e64       0x58 build/decoder/decoder.o
                0x0000000008008e64                DecodePrintRegisters
 .text.CmdDecode
                0x0000000008008ebc      0x270 build/decoder/decoder.o
                0x0000000008008ebc                CmdDecode
 .text.SystemInit
                0x000000000800912c       0x68 build/Drivers/CMSIS/Device/ST/STM32F3xx/Source/Templates/system_stm32f3xx.o
                0x000000000800912c                SystemInit
 .text.HAL_RCC_OscConfig
                0x0000000008009194      0x5dc build/Drivers/STM32F3xx_HAL_Driver/Src/stm32f3xx_hal_rcc.o
                0x0000000008009194                HAL_RCC_OscConfig
 .text.HAL_RCC_ClockConfig
                0x0000000008009770      0x2c0 build/Drivers/STM32F3xx_HAL_Driver/Src/stm32f3xx_hal_rcc.o
                0x0000000008009770                HAL_RCC_ClockConfig
 .text.HAL_RCC_GetSysClockFreq
                0x0000000008009a30       0x6c build/Drivers/STM32F3xx_HAL_Driver/Src/stm32f3xx_hal_rcc.o
                0x0000000008009a30                HAL_RCC_GetSysClockFreq
 .text.HAL_RCC_GetHCLKFreq
                0x0000000008009a9c       0x38 build/Drivers/STM32F3xx_HAL_Driver/Src/stm32f3xx_hal_rcc.o
                0x0000000008009a9c                HAL_RCC_GetHCLKFreq
 .text.HAL_MspInit
                0x0000000008009ad4        0x2 build/Drivers/STM32F3xx_HAL_Driver/Src/stm32f3xx_hal.o
                0x0000000008009ad4                HAL_MspInit
 .text.HAL_InitTick
                0x0000000008009ad6       0x24 build/Drivers/STM32F3xx_HAL_Driver/Src/stm32f3xx_hal.o
                0x0000000008009ad6                HAL_InitTick
 *fill*         0x0000000008009afa        0x2 
 .text.HAL_Init
                0x0000000008009afc       0x24 build/Drivers/STM32F3xx_HAL_Driver/Src/stm32f3xx_hal.o
                0x0000000008009afc                HAL_Init
 .text.HAL_IncTick
                0x0000000008009b20       0x10 build/Drivers/STM32F3xx_HAL_Driver/Src/stm32f3xx_hal.o
                0x0000000008009b20                HAL_IncTick
 .text.HAL_GetTick
                0x0000000008009b30        0xc build/Drivers/STM32F3xx_HAL_Driver/Src/stm32f3xx_hal.o
                0x0000000008009b30                HAL_GetTick
 .text.HAL_Delay
                0x0000000008009b3c       0x1a build/Drivers/STM32F3xx_HAL_Driver/Src/stm32f3xx_hal.o
                0x0000000008009b3c                HAL_Delay
 *fill*         0x0000000008009b56        0x2 
 .text.HAL_NVIC_SetPriorityGrouping
                0x0000000008009b58       0x24 build/Drivers/STM32F3xx_HAL_Driver/Src/stm32f3xx_hal_cortex.o
                0x0000000008009b58                HAL_NVIC_SetPriorityGrouping
 .text.HAL_NVIC_SetPriority
                0x0000000008009b7c       0x68 build/Drivers/STM32F3xx_HAL_Driver/Src/stm32f3xx_hal_cortex.o
                0x0000000008009b7c                HAL_NVIC_SetPriority
 .text.HAL_NVIC_EnableIRQ
                0x0000000008009be4       0x18 build/Drivers/STM32F3xx_HAL_Driver/Src/stm32f3xx_hal_cortex.o
                0x0000000008009be4                HAL_NVIC_EnableIRQ
 .text.HAL_SYSTICK_Config
                0x0000000008009bfc       0x2c build/Drivers/STM32F3xx_HAL_Driver/Src/stm32f3xx_hal_cortex.o
                0x0000000008009bfc                HAL_SYSTICK_Config
 .text.HAL_GPIO_Init
                0x0000000008009c28      0x18c build/Drivers/STM32F3xx_HAL_Driver/Src/stm32f3xx_hal_gpio.o
                0x0000000008009c28                HAL_GPIO_Init
 .text.HAL_GPIO_ReadPin
                0x0000000008009db4        0xc build/Drivers/STM32F3xx_HAL_Driver/Src/stm32f3xx_hal_gpio.o
                0x0000000008009db4                HAL_GPIO_ReadPin
 .text.HAL_GPIO_WritePin
                0x0000000008009dc0        0xa build/Drivers/STM32F3xx_HAL_Driver/Src/stm32f3xx_hal_gpio.o
                0x0000000008009dc0                HAL_GPIO_WritePin
 .text.HAL_GPIO_TogglePin
                0x0000000008009dca        0x8 build/Drivers/STM32F3xx_HAL_Driver/Src/stm32f3xx_hal_gpio.o
                0x0000000008009dca                HAL_GPIO_TogglePin
 .text.HAL_PCD_Init
                0x0000000008009dd2       0x9c build/Drivers/STM32F3xx_HAL_Driver/Src/stm32f3xx_hal_pcd.o
                0x0000000008009dd2                HAL_PCD_Init
 .text.HAL_PCD_Start
                0x0000000008009e6e        0xc build/Drivers/STM32F3xx_HAL_Driver/Src/stm32f3xx_hal_pcd.o
                0x0000000008009e6e                HAL_PCD_Start
 .text.HAL_PCD_SetAddress
                0x0000000008009e7a       0x2c build/Drivers/STM32F3xx_HAL_Driver/Src/stm32f3xx_hal_pcd.o
                0x0000000008009e7a                HAL_PCD_SetAddress
 .text.HAL_PCD_EP_Open
                0x0000000008009ea6      0x336 build/Drivers/STM32F3xx_HAL_Driver/Src/stm32f3xx_hal_pcd.o
                0x0000000008009ea6                HAL_PCD_EP_Open
 .text.HAL_PCD_EP_Close
                0x000000000800a1dc      0x1ae build/Drivers/STM32F3xx_HAL_Driver/Src/stm32f3xx_hal_pcd.o
                0x000000000800a1dc                HAL_PCD_EP_Close
 .text.HAL_PCD_EP_Receive
                0x000000000800a38a       0xfa build/Drivers/STM32F3xx_HAL_Driver/Src/stm32f3xx_hal_pcd.o
                0x000000000800a38a                HAL_PCD_EP_Receive
 .text.HAL_PCD_EP_GetRxCount
                0x000000000800a484       0x10 build/Drivers/STM32F3xx_HAL_Driver/Src/stm32f3xx_hal_pcd.o
                0x000000000800a484                HAL_PCD_EP_GetRxCount
 .text.HAL_PCD_EP_Transmit
                0x000000000800a494      0x178 build/Drivers/STM32F3xx_HAL_Driver/Src/stm32f3xx_hal_pcd.o
                0x000000000800a494                HAL_PCD_EP_Transmit
 .text.HAL_PCD_IRQHandler
                0x000000000800a60c      0x482 build/Drivers/STM32F3xx_HAL_Driver/Src/stm32f3xx_hal_pcd.o
                0x000000000800a60c                HAL_PCD_IRQHandler
 .text.HAL_PCD_EP_SetStall
                0x000000000800aa8e       0x9e build/Drivers/STM32F3xx_HAL_Driver/Src/stm32f3xx_hal_pcd.o
                0x000000000800aa8e                HAL_PCD_EP_SetStall
 .text.HAL_PCD_EP_ClrStall
                0x000000000800ab2c       0xc6 build/Drivers/STM32F3xx_HAL_Driver/Src/stm32f3xx_hal_pcd.o
                0x000000000800ab2c                HAL_PCD_EP_ClrStall
 .text.HAL_PCDEx_PMAConfig
                0x000000000800abf2       0x34 build/Drivers/STM32F3xx_HAL_Driver/Src/stm32f3xx_hal_pcd_ex.o
                0x000000000800abf2                HAL_PCDEx_PMAConfig
 .text.PCD_WritePMA
                0x000000000800ac26       0x22 build/Drivers/STM32F3xx_HAL_Driver/Src/stm32f3xx_hal_pcd_ex.o
                0x000000000800ac26                PCD_WritePMA
 .text.PCD_ReadPMA
                0x000000000800ac48       0x22 build/Drivers/STM32F3xx_HAL_Driver/Src/stm32f3xx_hal_pcd_ex.o
                0x000000000800ac48                PCD_ReadPMA
 .text.HAL_PCDEx_SetConnectionState
                0x000000000800ac6a        0x2 build/Drivers/STM32F3xx_HAL_Driver/Src/stm32f3xx_hal_pcd_ex.o
                0x000000000800ac6a                HAL_PCDEx_SetConnectionState
 .text.I2C_TransferConfig
                0x000000000800ac6c       0x24 build/Drivers/STM32F3xx_HAL_Driver/Src/stm32f3xx_hal_i2c.o
 .text.I2C_IsAcknowledgeFailed
                0x000000000800ac90       0x90 build/Drivers/STM32F3xx_HAL_Driver/Src/stm32f3xx_hal_i2c.o
 .text.I2C_WaitOnFlagUntilTimeout
                0x000000000800ad20       0x68 build/Drivers/STM32F3xx_HAL_Driver/Src/stm32f3xx_hal_i2c.o
 .text.I2C_WaitOnSTOPFlagUntilTimeout
                0x000000000800ad88       0x50 build/Drivers/STM32F3xx_HAL_Driver/Src/stm32f3xx_hal_i2c.o
 .text.I2C_WaitOnTXISFlagUntilTimeout
                0x000000000800add8       0x54 build/Drivers/STM32F3xx_HAL_Driver/Src/stm32f3xx_hal_i2c.o
 .text.I2C_RequestMemoryWrite
                0x000000000800ae2c       0x62 build/Drivers/STM32F3xx_HAL_Driver/Src/stm32f3xx_hal_i2c.o
 .text.I2C_RequestMemoryRead
                0x000000000800ae8e       0x60 build/Drivers/STM32F3xx_HAL_Driver/Src/stm32f3xx_hal_i2c.o
 .text.HAL_I2C_MspInit
                0x000000000800aeee        0x2 build/Drivers/STM32F3xx_HAL_Driver/Src/stm32f3xx_hal_i2c.o
                0x000000000800aeee                HAL_I2C_MspInit
 .text.HAL_I2C_Init
                0x000000000800aef0       0x90 build/Drivers/STM32F3xx_HAL_Driver/Src/stm32f3xx_hal_i2c.o
                0x000000000800aef0                HAL_I2C_Init
 .text.HAL_I2C_MspDeInit
                0x000000000800af80        0x2 build/Drivers/STM32F3xx_HAL_Driver/Src/stm32f3xx_hal_i2c.o
                0x000000000800af80                HAL_I2C_MspDeInit
 .text.HAL_I2C_DeInit
                0x000000000800af82       0x2e build/Drivers/STM32F3xx_HAL_Driver/Src/stm32f3xx_hal_i2c.o
                0x000000000800af82                HAL_I2C_DeInit
 .text.HAL_I2C_Mem_Write
                0x000000000800afb0      0x128 build/Drivers/STM32F3xx_HAL_Driver/Src/stm32f3xx_hal_i2c.o
                0x000000000800afb0                HAL_I2C_Mem_Write
 .text.HAL_I2C_Mem_Read
                0x000000000800b0d8      0x134 build/Drivers/STM32F3xx_HAL_Driver/Src/stm32f3xx_hal_i2c.o
                0x000000000800b0d8                HAL_I2C_Mem_Read
 .text.HAL_I2C_GetState
                0x000000000800b20c        0x6 build/Drivers/STM32F3xx_HAL_Driver/Src/stm32f3xx_hal_i2c.o
                0x000000000800b20c                HAL_I2C_GetState
 .text.SPI_WaitFifoStateUntilTimeout.part.1
                0x000000000800b212       0x50 build/Drivers/STM32F3xx_HAL_Driver/Src/stm32f3xx_hal_spi.o
 .text.SPI_WaitFlagStateUntilTimeout
                0x000000000800b262       0x40 build/Drivers/STM32F3xx_HAL_Driver/Src/stm32f3xx_hal_spi.o
 .text.SPI_WaitFifoStateUntilTimeout
                0x000000000800b2a2       0x50 build/Drivers/STM32F3xx_HAL_Driver/Src/stm32f3xx_hal_spi.o
 .text.SPI_EndRxTxTransaction
                0x000000000800b2f2       0x42 build/Drivers/STM32F3xx_HAL_Driver/Src/stm32f3xx_hal_spi.o
 .text.HAL_SPI_MspInit
                0x000000000800b334        0x2 build/Drivers/STM32F3xx_HAL_Driver/Src/stm32f3xx_hal_spi.o
                0x000000000800b334                HAL_SPI_MspInit
 .text.HAL_SPI_Init
                0x000000000800b336       0xa6 build/Drivers/STM32F3xx_HAL_Driver/Src/stm32f3xx_hal_spi.o
                0x000000000800b336                HAL_SPI_Init
 .text.HAL_SPI_MspDeInit
                0x000000000800b3dc        0x2 build/Drivers/STM32F3xx_HAL_Driver/Src/stm32f3xx_hal_spi.o
                0x000000000800b3dc                HAL_SPI_MspDeInit
 .text.HAL_SPI_DeInit
                0x000000000800b3de       0x2e build/Drivers/STM32F3xx_HAL_Driver/Src/stm32f3xx_hal_spi.o
                0x000000000800b3de                HAL_SPI_DeInit
 .text.HAL_SPI_TransmitReceive
                0x000000000800b40c      0x288 build/Drivers/STM32F3xx_HAL_Driver/Src/stm32f3xx_hal_spi.o
                0x000000000800b40c                HAL_SPI_TransmitReceive
 .text.HAL_SPI_GetState
                0x000000000800b694        0x6 build/Drivers/STM32F3xx_HAL_Driver/Src/stm32f3xx_hal_spi.o
                0x000000000800b694                HAL_SPI_GetState
 .text.USBD_Init
                0x000000000800b69a       0x2a build/Drivers/STM32_USB_Device_Library/Core/Src/usbd_core.o
                0x000000000800b69a                USBD_Init
 .text.USBD_RegisterClass
                0x000000000800b6c4        0xe build/Drivers/STM32_USB_Device_Library/Core/Src/usbd_core.o
                0x000000000800b6c4                USBD_RegisterClass
 .text.USBD_Start
                0x000000000800b6d2        0xa build/Drivers/STM32_USB_Device_Library/Core/Src/usbd_core.o
                0x000000000800b6d2                USBD_Start
 .text.USBD_SetClassConfig
                0x000000000800b6dc       0x16 build/Drivers/STM32_USB_Device_Library/Core/Src/usbd_core.o
                0x000000000800b6dc                USBD_SetClassConfig
 .text.USBD_ClrClassConfig
                0x000000000800b6f2        0xe build/Drivers/STM32_USB_Device_Library/Core/Src/usbd_core.o
                0x000000000800b6f2                USBD_ClrClassConfig
 .text.USBD_LL_SetupStage
                0x000000000800b700       0x5a build/Drivers/STM32_USB_Device_Library/Core/Src/usbd_core.o
                0x000000000800b700                USBD_LL_SetupStage
 .text.USBD_LL_DataOutStage
                0x000000000800b75a       0x62 build/Drivers/STM32_USB_Device_Library/Core/Src/usbd_core.o
                0x000000000800b75a                USBD_LL_DataOutStage
 .text.USBD_LL_DataInStage
                0x000000000800b7bc       0x8a build/Drivers/STM32_USB_Device_Library/Core/Src/usbd_core.o
                0x000000000800b7bc                USBD_LL_DataInStage
 .text.USBD_LL_Reset
                0x000000000800b846       0x3e build/Drivers/STM32_USB_Device_Library/Core/Src/usbd_core.o
                0x000000000800b846                USBD_LL_Reset
 .text.USBD_LL_SetSpeed
                0x000000000800b884        0x6 build/Drivers/STM32_USB_Device_Library/Core/Src/usbd_core.o
                0x000000000800b884                USBD_LL_SetSpeed
 .text.USBD_LL_SOF
                0x000000000800b88a       0x18 build/Drivers/STM32_USB_Device_Library/Core/Src/usbd_core.o
                0x000000000800b88a                USBD_LL_SOF
 .text.USBD_ParseSetupRequest
                0x000000000800b8a2       0x28 build/Drivers/STM32_USB_Device_Library/Core/Src/usbd_ctlreq.o
                0x000000000800b8a2                USBD_ParseSetupRequest
 .text.USBD_CtlError
                0x000000000800b8ca       0x16 build/Drivers/STM32_USB_Device_Library/Core/Src/usbd_ctlreq.o
                0x000000000800b8ca                USBD_CtlError
 .text.USBD_StdDevReq
                0x000000000800b8e0      0x214 build/Drivers/STM32_USB_Device_Library/Core/Src/usbd_ctlreq.o
                0x000000000800b8e0                USBD_StdDevReq
 .text.USBD_StdItfReq
                0x000000000800baf4       0x30 build/Drivers/STM32_USB_Device_Library/Core/Src/usbd_ctlreq.o
                0x000000000800baf4                USBD_StdItfReq
 .text.USBD_StdEPReq
                0x000000000800bb24       0xb2 build/Drivers/STM32_USB_Device_Library/Core/Src/usbd_ctlreq.o
                0x000000000800bb24                USBD_StdEPReq
 .text.USBD_GetString
                0x000000000800bbd6       0x38 build/Drivers/STM32_USB_Device_Library/Core/Src/usbd_ctlreq.o
                0x000000000800bbd6                USBD_GetString
 .text.USBD_CtlSendData
                0x000000000800bc0e       0x1a build/Drivers/STM32_USB_Device_Library/Core/Src/usbd_ioreq.o
                0x000000000800bc0e                USBD_CtlSendData
 .text.USBD_CtlContinueSendData
                0x000000000800bc28       0x10 build/Drivers/STM32_USB_Device_Library/Core/Src/usbd_ioreq.o
                0x000000000800bc28                USBD_CtlContinueSendData
 .text.USBD_CtlPrepareRx
                0x000000000800bc38       0x1e build/Drivers/STM32_USB_Device_Library/Core/Src/usbd_ioreq.o
                0x000000000800bc38                USBD_CtlPrepareRx
 .text.USBD_CtlContinueRx
                0x000000000800bc56       0x10 build/Drivers/STM32_USB_Device_Library/Core/Src/usbd_ioreq.o
                0x000000000800bc56                USBD_CtlContinueRx
 .text.USBD_CtlSendStatus
                0x000000000800bc66       0x16 build/Drivers/STM32_USB_Device_Library/Core/Src/usbd_ioreq.o
                0x000000000800bc66                USBD_CtlSendStatus
 .text.USBD_CtlReceiveStatus
                0x000000000800bc7c       0x16 build/Drivers/STM32_USB_Device_Library/Core/Src/usbd_ioreq.o
                0x000000000800bc7c                USBD_CtlReceiveStatus
 .text.USBD_CDC_DataIn
                0x000000000800bc92       0x12 build/Drivers/STM32_USB_Device_Library/Class/CDC/Src/usbd_cdc.o
 .text.USBD_CDC_EP0_RxReady
                0x000000000800bca4       0x28 build/Drivers/STM32_USB_Device_Library/Class/CDC/Src/usbd_cdc.o
 .text.USBD_CDC_GetFSCfgDesc
                0x000000000800bccc        0xc build/Drivers/STM32_USB_Device_Library/Class/CDC/Src/usbd_cdc.o
 .text.USBD_CDC_GetHSCfgDesc
                0x000000000800bcd8        0xc build/Drivers/STM32_USB_Device_Library/Class/CDC/Src/usbd_cdc.o
 .text.USBD_CDC_GetOtherSpeedCfgDesc
                0x000000000800bce4        0xc build/Drivers/STM32_USB_Device_Library/Class/CDC/Src/usbd_cdc.o
 .text.USBD_CDC_GetDeviceQualifierDescriptor
                0x000000000800bcf0        0xc build/Drivers/STM32_USB_Device_Library/Class/CDC/Src/usbd_cdc.o
                0x000000000800bcf0                USBD_CDC_GetDeviceQualifierDescriptor
 .text.USBD_CDC_DataOut
                0x000000000800bcfc       0x2e build/Drivers/STM32_USB_Device_Library/Class/CDC/Src/usbd_cdc.o
 .text.USBD_CDC_Setup
                0x000000000800bd2a       0x5a build/Drivers/STM32_USB_Device_Library/Class/CDC/Src/usbd_cdc.o
 .text.USBD_CDC_DeInit
                0x000000000800bd84       0x3a build/Drivers/STM32_USB_Device_Library/Class/CDC/Src/usbd_cdc.o
 .text.USBD_CDC_Init
                0x000000000800bdbe       0x8c build/Drivers/STM32_USB_Device_Library/Class/CDC/Src/usbd_cdc.o
 .text.USBD_CDC_RegisterInterface
                0x000000000800be4a        0xe build/Drivers/STM32_USB_Device_Library/Class/CDC/Src/usbd_cdc.o
                0x000000000800be4a                USBD_CDC_RegisterInterface
 .text.USBD_CDC_SetTxBuffer
                0x000000000800be58       0x10 build/Drivers/STM32_USB_Device_Library/Class/CDC/Src/usbd_cdc.o
                0x000000000800be58                USBD_CDC_SetTxBuffer
 .text.USBD_CDC_SetRxBuffer
                0x000000000800be68        0xc build/Drivers/STM32_USB_Device_Library/Class/CDC/Src/usbd_cdc.o
                0x000000000800be68                USBD_CDC_SetRxBuffer
 .text.USBD_CDC_TransmitPacket
                0x000000000800be74       0x2e build/Drivers/STM32_USB_Device_Library/Class/CDC/Src/usbd_cdc.o
                0x000000000800be74                USBD_CDC_TransmitPacket
 .text.USBD_CDC_ReceivePacket
                0x000000000800bea2       0x26 build/Drivers/STM32_USB_Device_Library/Class/CDC/Src/usbd_cdc.o
                0x000000000800bea2                USBD_CDC_ReceivePacket
 .text.HAL_PCD_MspInit
                0x000000000800bec8       0x9c build/usbd_conf.o
                0x000000000800bec8                HAL_PCD_MspInit
 .text.HAL_PCD_SetupStageCallback
                0x000000000800bf64        0xc build/usbd_conf.o
                0x000000000800bf64                HAL_PCD_SetupStageCallback
 .text.HAL_PCD_DataOutStageCallback
                0x000000000800bf70       0x12 build/usbd_conf.o
                0x000000000800bf70                HAL_PCD_DataOutStageCallback
 .text.HAL_PCD_DataInStageCallback
                0x000000000800bf82       0x10 build/usbd_conf.o
                0x000000000800bf82                HAL_PCD_DataInStageCallback
 .text.HAL_PCD_SOFCallback
                0x000000000800bf92        0x8 build/usbd_conf.o
                0x000000000800bf92                HAL_PCD_SOFCallback
 .text.HAL_PCD_ResetCallback
                0x000000000800bf9a       0x1a build/usbd_conf.o
                0x000000000800bf9a                HAL_PCD_ResetCallback
 .text.HAL_PCD_SuspendCallback
                0x000000000800bfb4        0x2 build/usbd_conf.o
                0x000000000800bfb4                HAL_PCD_SuspendCallback
 .text.HAL_PCD_ResumeCallback
                0x000000000800bfb6        0x2 build/usbd_conf.o
                0x000000000800bfb6                HAL_PCD_ResumeCallback
 .text.USBD_LL_Init
                0x000000000800bfb8       0x7c build/usbd_conf.o
                0x000000000800bfb8                USBD_LL_Init
 .text.USBD_LL_Start
                0x000000000800c034        0xe build/usbd_conf.o
                0x000000000800c034                USBD_LL_Start
 .text.USBD_LL_OpenEP
                0x000000000800c042       0x14 build/usbd_conf.o
                0x000000000800c042                USBD_LL_OpenEP
 .text.USBD_LL_CloseEP
                0x000000000800c056        0xe build/usbd_conf.o
                0x000000000800c056                USBD_LL_CloseEP
 .text.USBD_LL_StallEP
                0x000000000800c064        0xe build/usbd_conf.o
                0x000000000800c064                USBD_LL_StallEP
 .text.USBD_LL_ClearStallEP
                0x000000000800c072        0xe build/usbd_conf.o
                0x000000000800c072                USBD_LL_ClearStallEP
 .text.USBD_LL_IsStallEP
                0x000000000800c080       0x26 build/usbd_conf.o
                0x000000000800c080                USBD_LL_IsStallEP
 .text.USBD_LL_SetUSBAddress
                0x000000000800c0a6        0xe build/usbd_conf.o
                0x000000000800c0a6                USBD_LL_SetUSBAddress
 .text.USBD_LL_Transmit
                0x000000000800c0b4        0xe build/usbd_conf.o
                0x000000000800c0b4                USBD_LL_Transmit
 .text.USBD_LL_PrepareReceive
                0x000000000800c0c2        0xe build/usbd_conf.o
                0x000000000800c0c2                USBD_LL_PrepareReceive
 .text.USBD_LL_GetRxDataSize
                0x000000000800c0d0        0xc build/usbd_conf.o
                0x000000000800c0d0                USBD_LL_GetRxDataSize
 .text.USBD_static_malloc
                0x000000000800c0dc        0x8 build/usbd_conf.o
                0x000000000800c0dc                USBD_static_malloc
 .text.USBD_static_free
                0x000000000800c0e4        0x2 build/usbd_conf.o
                0x000000000800c0e4                USBD_static_free
 *fill*         0x000000000800c0e6        0x2 
 .text.USBD_VCP_DeviceDescriptor
                0x000000000800c0e8        0xc build/usbd_desc.o
                0x000000000800c0e8                USBD_VCP_DeviceDescriptor
 .text.USBD_VCP_LangIDStrDescriptor
                0x000000000800c0f4        0xc build/usbd_desc.o
                0x000000000800c0f4                USBD_VCP_LangIDStrDescriptor
 .text.IntToUnicode
                0x000000000800c100       0x28 build/usbd_desc.o
 .text.USBD_VCP_SerialStrDescriptor
                0x000000000800c128       0x44 build/usbd_desc.o
                0x000000000800c128                USBD_VCP_SerialStrDescriptor
 .text.USBD_VCP_ProductStrDescriptor
                0x000000000800c16c       0x1c build/usbd_desc.o
                0x000000000800c16c                USBD_VCP_ProductStrDescriptor
 .text.USBD_VCP_ManufacturerStrDescriptor
                0x000000000800c188       0x1c build/usbd_desc.o
                0x000000000800c188                USBD_VCP_ManufacturerStrDescriptor
 .text.USBD_VCP_ConfigStrDescriptor
                0x000000000800c1a4       0x1c build/usbd_desc.o
                0x000000000800c1a4                USBD_VCP_ConfigStrDescriptor
 .text.USBD_VCP_InterfaceStrDescriptor
                0x000000000800c1c0       0x1c build/usbd_desc.o
                0x000000000800c1c0                USBD_VCP_InterfaceStrDescriptor
 .text.CDC_Itf_DeInit
                0x000000000800c1dc        0x4 build/usbd_cdc_interface.o
 .text.CDC_Itf_Receive
                0x000000000800c1e0       0x1c build/usbd_cdc_interface.o
 .text.CDC_Itf_Init
                0x000000000800c1fc       0x18 build/usbd_cdc_interface.o
 .text.CDC_Itf_Control
                0x000000000800c214       0x44 build/usbd_cdc_interface.o
 .text.SPIx_Init
                0x000000000800c258       0x80 build/Drivers/BSP/STM32F3-Discovery/stm32f3_discovery.o
 .text.SPIx_WriteRead
                0x000000000800c2d8       0x40 build/Drivers/BSP/STM32F3-Discovery/stm32f3_discovery.o
 .text.I2Cx_Init
                0x000000000800c318       0x6c build/Drivers/BSP/STM32F3-Discovery/stm32f3_discovery.o
 .text.BSP_LED_Init
                0x000000000800c384       0x68 build/Drivers/BSP/STM32F3-Discovery/stm32f3_discovery.o
                0x000000000800c384                BSP_LED_Init
 .text.BSP_LED_On
                0x000000000800c3ec       0x1c build/Drivers/BSP/STM32F3-Discovery/stm32f3_discovery.o
                0x000000000800c3ec                BSP_LED_On
 .text.BSP_LED_Off
                0x000000000800c408       0x1c build/Drivers/BSP/STM32F3-Discovery/stm32f3_discovery.o
                0x000000000800c408                BSP_LED_Off
 .text.BSP_LED_Toggle
                0x000000000800c424       0x18 build/Drivers/BSP/STM32F3-Discovery/stm32f3_discovery.o
                0x000000000800c424                BSP_LED_Toggle
 .text.BSP_PB_Init
                0x000000000800c43c       0x74 build/Drivers/BSP/STM32F3-Discovery/stm32f3_discovery.o
                0x000000000800c43c                BSP_PB_Init
 .text.BSP_PB_GetState
                0x000000000800c4b0       0x14 build/Drivers/BSP/STM32F3-Discovery/stm32f3_discovery.o
                0x000000000800c4b0                BSP_PB_GetState
 .text.GYRO_IO_Init
                0x000000000800c4c4       0x68 build/Drivers/BSP/STM32F3-Discovery/stm32f3_discovery.o
                0x000000000800c4c4                GYRO_IO_Init
 .text.GYRO_IO_Write
                0x000000000800c52c       0x44 build/Drivers/BSP/STM32F3-Discovery/stm32f3_discovery.o
                0x000000000800c52c                GYRO_IO_Write
 .text.GYRO_IO_Read
                0x000000000800c570       0x48 build/Drivers/BSP/STM32F3-Discovery/stm32f3_discovery.o
                0x000000000800c570                GYRO_IO_Read
 .text.COMPASSACCELERO_IO_Init
                0x000000000800c5b8       0x64 build/Drivers/BSP/STM32F3-Discovery/stm32f3_discovery.o
                0x000000000800c5b8                COMPASSACCELERO_IO_Init
 .text.COMPASSACCELERO_IO_ITConfig
                0x000000000800c61c       0x48 build/Drivers/BSP/STM32F3-Discovery/stm32f3_discovery.o
                0x000000000800c61c                COMPASSACCELERO_IO_ITConfig
 .text.COMPASSACCELERO_IO_Write
                0x000000000800c664       0x38 build/Drivers/BSP/STM32F3-Discovery/stm32f3_discovery.o
                0x000000000800c664                COMPASSACCELERO_IO_Write
 .text.COMPASSACCELERO_IO_Read
                0x000000000800c69c       0x40 build/Drivers/BSP/STM32F3-Discovery/stm32f3_discovery.o
                0x000000000800c69c                COMPASSACCELERO_IO_Read
 .text.BSP_ACCELERO_Init
                0x000000000800c6dc       0x30 build/Drivers/BSP/STM32F3-Discovery/stm32f3_discovery_accelerometer.o
                0x000000000800c6dc                BSP_ACCELERO_Init
 .text.BSP_ACCELERO_GetXYZ
                0x000000000800c70c       0x10 build/Drivers/BSP/STM32F3-Discovery/stm32f3_discovery_accelerometer.o
                0x000000000800c70c                BSP_ACCELERO_GetXYZ
 .text.BSP_GYRO_Init
                0x000000000800c71c       0x44 build/Drivers/BSP/STM32F3-Discovery/stm32f3_discovery_gyroscope.o
                0x000000000800c71c                BSP_GYRO_Init
 .text.BSP_GYRO_GetXYZ
                0x000000000800c760       0x10 build/Drivers/BSP/STM32F3-Discovery/stm32f3_discovery_gyroscope.o
                0x000000000800c760                BSP_GYRO_GetXYZ
 .text.L3GD20_Init
                0x000000000800c770       0x32 build/Drivers/BSP/Components/l3gd20/l3gd20.o
                0x000000000800c770                L3GD20_Init
 .text.L3GD20_ReadID
                0x000000000800c7a2       0x1c build/Drivers/BSP/Components/l3gd20/l3gd20.o
                0x000000000800c7a2                L3GD20_ReadID
 .text.L3GD20_RebootCmd
                0x000000000800c7be       0x2c build/Drivers/BSP/Components/l3gd20/l3gd20.o
                0x000000000800c7be                L3GD20_RebootCmd
 .text.L3GD20_INT1InterruptConfig
                0x000000000800c7ea       0x5c build/Drivers/BSP/Components/l3gd20/l3gd20.o
                0x000000000800c7ea                L3GD20_INT1InterruptConfig
 .text.L3GD20_EnableIT
                0x000000000800c846       0x40 build/Drivers/BSP/Components/l3gd20/l3gd20.o
                0x000000000800c846                L3GD20_EnableIT
 .text.L3GD20_DisableIT
                0x000000000800c886       0x3c build/Drivers/BSP/Components/l3gd20/l3gd20.o
                0x000000000800c886                L3GD20_DisableIT
 .text.L3GD20_FilterConfig
                0x000000000800c8c2       0x2e build/Drivers/BSP/Components/l3gd20/l3gd20.o
                0x000000000800c8c2                L3GD20_FilterConfig
 .text.L3GD20_FilterCmd
                0x000000000800c8f0       0x2e build/Drivers/BSP/Components/l3gd20/l3gd20.o
                0x000000000800c8f0                L3GD20_FilterCmd
 *fill*         0x000000000800c91e        0x2 
 .text.L3GD20_ReadXYZAngRate
                0x000000000800c920       0xd8 build/Drivers/BSP/Components/l3gd20/l3gd20.o
                0x000000000800c920                L3GD20_ReadXYZAngRate
 .text.Reset_Handler
                0x000000000800c9f8       0x50 build/Drivers/CMSIS/Device/ST/STM32F3xx/Source/Templates/gcc/startup_stm32f303xc.o
                0x000000000800c9f8                Reset_Handler
 .text.Default_Handler
                0x000000000800ca48        0x2 build/Drivers/CMSIS/Device/ST/STM32F3xx/Source/Templates/gcc/startup_stm32f303xc.o
                0x000000000800ca48                RTC_Alarm_IRQHandler
                0x000000000800ca48                TIM8_TRG_COM_IRQHandler
                0x000000000800ca48                TIM8_CC_IRQHandler
                0x000000000800ca48                DebugMon_Handler
                0x000000000800ca48                TIM1_CC_IRQHandler
                0x000000000800ca48                HardFault_Handler
                0x000000000800ca48                USB_HP_IRQHandler
                0x000000000800ca48                PVD_IRQHandler
                0x000000000800ca48                TAMP_STAMP_IRQHandler
                0x000000000800ca48                PendSV_Handler
                0x000000000800ca48                NMI_Handler
                0x000000000800ca48                EXTI3_IRQHandler
                0x000000000800ca48                USB_HP_CAN_TX_IRQHandler
                0x000000000800ca48                EXTI0_IRQHandler
                0x000000000800ca48                I2C2_EV_IRQHandler
                0x000000000800ca48                FPU_IRQHandler
                0x000000000800ca48                TIM1_UP_TIM16_IRQHandler
                0x000000000800ca48                UsageFault_Handler
                0x000000000800ca48                ADC1_2_IRQHandler
                0x000000000800ca48                SPI1_IRQHandler
                0x000000000800ca48                CAN_SCE_IRQHandler
                0x000000000800ca48                TIM6_DAC_IRQHandler
                0x000000000800ca48                TIM8_UP_IRQHandler
                0x000000000800ca48                DMA2_Channel2_IRQHandler
                0x000000000800ca48                DMA1_Channel4_IRQHandler
                0x000000000800ca48                USART3_IRQHandler
                0x000000000800ca48                DMA1_Channel7_IRQHandler
                0x000000000800ca48                UART5_IRQHandler
                0x000000000800ca48                ADC3_IRQHandler
                0x000000000800ca48                TIM4_IRQHandler
                0x000000000800ca48                CAN_RX1_IRQHandler
                0x000000000800ca48                DMA2_Channel1_IRQHandler
                0x000000000800ca48                I2C1_EV_IRQHandler
                0x000000000800ca48                DMA1_Channel6_IRQHandler
                0x000000000800ca48                UART4_IRQHandler
                0x000000000800ca48                DMA2_Channel4_IRQHandler
                0x000000000800ca48                TIM3_IRQHandler
                0x000000000800ca48                RCC_IRQHandler
                0x000000000800ca48                DMA1_Channel1_IRQHandler
                0x000000000800ca48                Default_Handler
                0x000000000800ca48                USBWakeUp_RMP_IRQHandler
                0x000000000800ca48                EXTI15_10_IRQHandler
                0x000000000800ca48                TIM7_IRQHandler
                0x000000000800ca48                EXTI9_5_IRQHandler
                0x000000000800ca48                RTC_WKUP_IRQHandler
                0x000000000800ca48                SPI2_IRQHandler
                0x000000000800ca48                MemManage_Handler
                0x000000000800ca48                SVC_Handler
                0x000000000800ca48                DMA2_Channel5_IRQHandler
                0x000000000800ca48                DMA1_Channel5_IRQHandler
                0x000000000800ca48                USB_LP_IRQHandler
                0x000000000800ca48                EXTI4_IRQHandler
                0x000000000800ca48                TIM1_TRG_COM_TIM17_IRQHandler
                0x000000000800ca48                DMA1_Channel3_IRQHandler
                0x000000000800ca48                ADC4_IRQHandler
                0x000000000800ca48                WWDG_IRQHandler
                0x000000000800ca48                TIM2_IRQHandler
                0x000000000800ca48                COMP7_IRQHandler
                0x000000000800ca48                COMP1_2_3_IRQHandler
                0x000000000800ca48                EXTI1_IRQHandler
                0x000000000800ca48                USART2_IRQHandler
                0x000000000800ca48                COMP4_5_6_IRQHandler
                0x000000000800ca48                I2C2_ER_IRQHandler
                0x000000000800ca48                DMA1_Channel2_IRQHandler
                0x000000000800ca48                TIM8_BRK_IRQHandler
                0x000000000800ca48                FLASH_IRQHandler
                0x000000000800ca48                BusFault_Handler
                0x000000000800ca48                USART1_IRQHandler
                0x000000000800ca48                SPI3_IRQHandler
                0x000000000800ca48                I2C1_ER_IRQHandler
                0x000000000800ca48                USBWakeUp_IRQHandler
                0x000000000800ca48                DMA2_Channel3_IRQHandler
                0x000000000800ca48                EXTI2_TSC_IRQHandler
                0x000000000800ca48                TIM1_BRK_TIM15_IRQHandler
 *fill*         0x000000000800ca4a        0x2 
 .text.startup  0x000000000800ca4c       0x14 /usr/lib/gcc/arm-none-eabi/5.4.1/../../../arm-none-eabi/lib/armv7e-m/fpu/libg.a(lib_a-__call_atexit.o)
 *(.glue_7)
 .glue_7        0x000000000800ca60        0x0 linker stubs
 *(.glue_7t)
 .glue_7t       0x000000000800ca60        0x0 linker stubs
 *(.eh_frame)
 .eh_frame      0x000000000800ca60        0x0 /usr/lib/gcc/arm-none-eabi/5.4.1/armv7e-m/fpu/crtbegin.o
 *(.init)
 .init          0x000000000800ca60        0x4 /usr/lib/gcc/arm-none-eabi/5.4.1/armv7e-m/fpu/crti.o
                0x000000000800ca60                _init
 .init          0x000000000800ca64        0x8 /usr/lib/gcc/arm-none-eabi/5.4.1/armv7e-m/fpu/crtn.o
 *(.fini)
 .fini          0x000000000800ca6c        0x4 /usr/lib/gcc/arm-none-eabi/5.4.1/armv7e-m/fpu/crti.o
                0x000000000800ca6c                _fini
 .fini          0x000000000800ca70        0x8 /usr/lib/gcc/arm-none-eabi/5.4.1/armv7e-m/fpu/crtn.o
                0x000000000800ca78                . = ALIGN (0x4)
                0x000000000800ca78                _etext = .

.vfp11_veneer   0x000000000800ca78        0x0
 .vfp11_veneer  0x000000000800ca78        0x0 linker stubs

.v4_bx          0x000000000800ca78        0x0
 .v4_bx         0x000000000800ca78        0x0 linker stubs

.iplt           0x000000000800ca78        0x0
 .iplt          0x000000000800ca78        0x0 /usr/lib/gcc/arm-none-eabi/5.4.1/armv7e-m/fpu/crtbegin.o

.rodata         0x000000000800ca78     0xf988
                0x000000000800ca78                . = ALIGN (0x4)
 *(.rodata)
 .rodata        0x000000000800ca78      0x494 build/decoder/STM32F30x_decoder.o
 .rodata        0x000000000800cf0c      0x101 /usr/lib/gcc/arm-none-eabi/5.4.1/../../../arm-none-eabi/lib/armv7e-m/fpu/libg.a(lib_a-ctype_.o)
                0x000000000800cf0c                _ctype_
 *fill*         0x000000000800d00d        0x3 
 .rodata        0x000000000800d010        0x4 /usr/lib/gcc/arm-none-eabi/5.4.1/../../../arm-none-eabi/lib/armv7e-m/fpu/libg.a(lib_a-impure.o)
                0x000000000800d010                _global_impure_ptr
 .rodata        0x000000000800d014       0x20 /usr/lib/gcc/arm-none-eabi/5.4.1/../../../arm-none-eabi/lib/armv7e-m/fpu/libg.a(lib_a-vfprintf.o)
 *fill*         0x000000000800d034        0x4 
 .rodata        0x000000000800d038      0x128 /usr/lib/gcc/arm-none-eabi/5.4.1/../../../arm-none-eabi/lib/armv7e-m/fpu/libg.a(lib_a-mprec.o)
                0x000000000800d048                __mprec_tens
                0x000000000800d110                __mprec_tinytens
                0x000000000800d138                __mprec_bigtens
 .rodata        0x000000000800d160       0x20 /usr/lib/gcc/arm-none-eabi/5.4.1/../../../arm-none-eabi/lib/armv7e-m/fpu/libg.a(lib_a-vfiprintf.o)
 .rodata        0x000000000800d180       0x40 /usr/lib/gcc/arm-none-eabi/5.4.1/../../../arm-none-eabi/lib/armv7e-m/fpu/libm.a(lib_a-s_atan.o)
 *(.rodata*)
 .rodata.str1.1
                0x000000000800d1c0      0x218 build/main.o
                                        0x227 (size before relaxing)
 .rodata.LEDs   0x000000000800d3d8        0x8 build/main.o
                0x000000000800d3d8                LEDs
 .rodata.str1.1
                0x000000000800d3e0       0x5d build/mytest.o
 .rodata.str1.1
                0x000000000800d43d       0x4b build/monitor.o
                                         0x4d (size before relaxing)
 .rodata.__FUNCTION__.5921
                0x000000000800d488        0x6 build/parser.o
 .rodata.str1.1
                0x000000000800d48e       0xe1 build/parser.o
                                         0xe4 (size before relaxing)
 .rodata.str1.1
                0x000000000800d56f      0x1fc build/dump.o
                                        0x1fe (size before relaxing)
 .rodata.str1.1
                0x000000000800d76b       0xaa build/terminal.o
                                         0xac (size before relaxing)
 .rodata.str1.1
                0x000000000800d815      0x51a build/decoder/decoder.o
                                        0x529 (size before relaxing)
 *fill*         0x000000000800dd2f        0x1 
 .rodata.DMA1_registers
                0x000000000800dd30      0x1e0 build/decoder/STM32F30x_decoder.o
                0x000000000800dd30                DMA1_registers
 .rodata.SPI1_DR_fields
                0x000000000800df10        0x8 build/decoder/STM32F30x_decoder.o
                0x000000000800df10                SPI1_DR_fields
 .rodata.ADC1_2_CSR_fields
                0x000000000800df18       0xb0 build/decoder/STM32F30x_decoder.o
                0x000000000800df18                ADC1_2_CSR_fields
 .rodata.USB_FS_USB_EP3R_fields
                0x000000000800dfc8       0x50 build/decoder/STM32F30x_decoder.o
                0x000000000800dfc8                USB_FS_USB_EP3R_fields
 .rodata.GPIOB_PUPDR_fields
                0x000000000800e018       0x80 build/decoder/STM32F30x_decoder.o
                0x000000000800e018                GPIOB_PUPDR_fields
 .rodata.TSC_IOG8CR_fields
                0x000000000800e098        0x8 build/decoder/STM32F30x_decoder.o
                0x000000000800e098                TSC_IOG8CR_fields
 .rodata.TIM1_CCMR3_Output_fields
                0x000000000800e0a0       0x50 build/decoder/STM32F30x_decoder.o
                0x000000000800e0a0                TIM1_CCMR3_Output_fields
 .rodata.TIM1_SMCR_fields
                0x000000000800e0f0       0x48 build/decoder/STM32F30x_decoder.o
                0x000000000800e0f0                TIM1_SMCR_fields
 .rodata.RTC_SHIFTR_fields
                0x000000000800e138       0x10 build/decoder/STM32F30x_decoder.o
                0x000000000800e138                RTC_SHIFTR_fields
 .rodata.CAN_F24R1_fields
                0x000000000800e148      0x100 build/decoder/STM32F30x_decoder.o
                0x000000000800e148                CAN_F24R1_fields
 .rodata.RTC_TSDR_fields
                0x000000000800e248       0x28 build/decoder/STM32F30x_decoder.o
                0x000000000800e248                RTC_TSDR_fields
 .rodata.RTC_BKP22R_fields
                0x000000000800e270        0x8 build/decoder/STM32F30x_decoder.o
                0x000000000800e270                RTC_BKP22R_fields
 .rodata.TIM1_CCMR2_Output_fields
                0x000000000800e278       0x60 build/decoder/STM32F30x_decoder.o
                0x000000000800e278                TIM1_CCMR2_Output_fields
 .rodata.TIM17_RCR_fields
                0x000000000800e2d8        0x8 build/decoder/STM32F30x_decoder.o
                0x000000000800e2d8                TIM17_RCR_fields
 .rodata.EXTI_EMR1_fields
                0x000000000800e2e0      0x100 build/decoder/STM32F30x_decoder.o
                0x000000000800e2e0                EXTI_EMR1_fields
 .rodata.USB_FS_ISTR_fields
                0x000000000800e3e0       0x50 build/decoder/STM32F30x_decoder.o
                0x000000000800e3e0                USB_FS_ISTR_fields
 .rodata.I2C1_ICR_fields
                0x000000000800e430       0x48 build/decoder/STM32F30x_decoder.o
                0x000000000800e430                I2C1_ICR_fields
 .rodata.TIM16_ARR_fields
                0x000000000800e478        0x8 build/decoder/STM32F30x_decoder.o
                0x000000000800e478                TIM16_ARR_fields
 .rodata.RTC_ISR_fields
                0x000000000800e480       0x88 build/decoder/STM32F30x_decoder.o
                0x000000000800e480                RTC_ISR_fields
 .rodata.RTC_BKP27R_fields
                0x000000000800e508        0x8 build/decoder/STM32F30x_decoder.o
                0x000000000800e508                RTC_BKP27R_fields
 .rodata.TIM8_CCR6_fields
                0x000000000800e510        0x8 build/decoder/STM32F30x_decoder.o
                0x000000000800e510                TIM8_CCR6_fields
 .rodata.TIM17_BDTR_fields
                0x000000000800e518       0x48 build/decoder/STM32F30x_decoder.o
                0x000000000800e518                TIM17_BDTR_fields
 .rodata.TIM8_CCMR1_Input_fields
                0x000000000800e560       0x30 build/decoder/STM32F30x_decoder.o
                0x000000000800e560                TIM8_CCMR1_Input_fields
 .rodata.DAC_registers
                0x000000000800e590       0xe0 build/decoder/STM32F30x_decoder.o
                0x000000000800e590                DAC_registers
 .rodata.IWDG_WINR_fields
                0x000000000800e670        0x8 build/decoder/STM32F30x_decoder.o
                0x000000000800e670                IWDG_WINR_fields
 .rodata.CAN_F19R2_fields
                0x000000000800e678      0x100 build/decoder/STM32F30x_decoder.o
                0x000000000800e678                CAN_F19R2_fields
 .rodata.CAN_RF1R_fields
                0x000000000800e778       0x20 build/decoder/STM32F30x_decoder.o
                0x000000000800e778                CAN_RF1R_fields
 .rodata.RTC_CALR_fields
                0x000000000800e798       0x20 build/decoder/STM32F30x_decoder.o
                0x000000000800e798                RTC_CALR_fields
 .rodata.TIM2_SR_fields
                0x000000000800e7b8       0x50 build/decoder/STM32F30x_decoder.o
                0x000000000800e7b8                TIM2_SR_fields
 .rodata.SYSCFG_EXTICR2_fields
                0x000000000800e808       0x20 build/decoder/STM32F30x_decoder.o
                0x000000000800e808                SYSCFG_EXTICR2_fields
 .rodata.CAN_MCR_fields
                0x000000000800e828       0x50 build/decoder/STM32F30x_decoder.o
                0x000000000800e828                CAN_MCR_fields
 .rodata.TIM17_SR_fields
                0x000000000800e878       0x30 build/decoder/STM32F30x_decoder.o
                0x000000000800e878                TIM17_SR_fields
 .rodata.USART1_GTPR_fields
                0x000000000800e8a8       0x10 build/decoder/STM32F30x_decoder.o
                0x000000000800e8a8                USART1_GTPR_fields
 .rodata.DAC_DOR1_fields
                0x000000000800e8b8        0x8 build/decoder/STM32F30x_decoder.o
                0x000000000800e8b8                DAC_DOR1_fields
 .rodata.CAN_F1R1_fields
                0x000000000800e8c0      0x100 build/decoder/STM32F30x_decoder.o
                0x000000000800e8c0                CAN_F1R1_fields
 .rodata.CAN_FA1R_fields
                0x000000000800e9c0       0xe0 build/decoder/STM32F30x_decoder.o
                0x000000000800e9c0                CAN_FA1R_fields
 .rodata.RTC_BKP6R_fields
                0x000000000800eaa0        0x8 build/decoder/STM32F30x_decoder.o
                0x000000000800eaa0                RTC_BKP6R_fields
 .rodata.RCC_CFGR_fields
                0x000000000800eaa8       0x60 build/decoder/STM32F30x_decoder.o
                0x000000000800eaa8                RCC_CFGR_fields
 .rodata.PWR_CR_fields
                0x000000000800eb08       0x38 build/decoder/STM32F30x_decoder.o
                0x000000000800eb08                PWR_CR_fields
 .rodata.NVIC_ISER0_fields
                0x000000000800eb40        0x8 build/decoder/STM32F30x_decoder.o
                0x000000000800eb40                NVIC_ISER0_fields
 .rodata.DMA1_CPAR7_fields
                0x000000000800eb48        0x8 build/decoder/STM32F30x_decoder.o
                0x000000000800eb48                DMA1_CPAR7_fields
 .rodata.TSC_IOHCR_fields
                0x000000000800eb50      0x100 build/decoder/STM32F30x_decoder.o
                0x000000000800eb50                TSC_IOHCR_fields
 .rodata.CAN_F27R1_fields
                0x000000000800ec50      0x100 build/decoder/STM32F30x_decoder.o
                0x000000000800ec50                CAN_F27R1_fields
 .rodata.TIM6_ARR_fields
                0x000000000800ed50        0x8 build/decoder/STM32F30x_decoder.o
                0x000000000800ed50                TIM6_ARR_fields
 .rodata.CAN_F12R1_fields
                0x000000000800ed58      0x100 build/decoder/STM32F30x_decoder.o
                0x000000000800ed58                CAN_F12R1_fields
 .rodata.TIM15_DCR_fields
                0x000000000800ee58       0x10 build/decoder/STM32F30x_decoder.o
                0x000000000800ee58                TIM15_DCR_fields
 .rodata.NVIC_IPR18_fields
                0x000000000800ee68       0x20 build/decoder/STM32F30x_decoder.o
                0x000000000800ee68                NVIC_IPR18_fields
 .rodata.RTC_BKP13R_fields
                0x000000000800ee88        0x8 build/decoder/STM32F30x_decoder.o
                0x000000000800ee88                RTC_BKP13R_fields
 .rodata.CAN_BTR_fields
                0x000000000800ee90       0x30 build/decoder/STM32F30x_decoder.o
                0x000000000800ee90                CAN_BTR_fields
 .rodata.TIM15_BDTR_fields
                0x000000000800eec0       0x48 build/decoder/STM32F30x_decoder.o
                0x000000000800eec0                TIM15_BDTR_fields
 .rodata.NVIC_IPR1_fields
                0x000000000800ef08       0x20 build/decoder/STM32F30x_decoder.o
                0x000000000800ef08                NVIC_IPR1_fields
 .rodata.TIM15_PSC_fields
                0x000000000800ef28        0x8 build/decoder/STM32F30x_decoder.o
                0x000000000800ef28                TIM15_PSC_fields
 .rodata.Flash_ACR_fields
                0x000000000800ef30       0x18 build/decoder/STM32F30x_decoder.o
                0x000000000800ef30                Flash_ACR_fields
 .rodata.TIM17_CCMR1_Output_fields
                0x000000000800ef48       0x28 build/decoder/STM32F30x_decoder.o
                0x000000000800ef48                TIM17_CCMR1_Output_fields
 .rodata.TIM2_ARR_fields
                0x000000000800ef70       0x10 build/decoder/STM32F30x_decoder.o
                0x000000000800ef70                TIM2_ARR_fields
 .rodata.Flash_registers
                0x000000000800ef80       0x80 build/decoder/STM32F30x_decoder.o
                0x000000000800ef80                Flash_registers
 .rodata.CAN_TDH0R_fields
                0x000000000800f000       0x20 build/decoder/STM32F30x_decoder.o
                0x000000000800f000                CAN_TDH0R_fields
 .rodata.TIM1_DCR_fields
                0x000000000800f020       0x10 build/decoder/STM32F30x_decoder.o
                0x000000000800f020                TIM1_DCR_fields
 .rodata.CAN_TI2R_fields
                0x000000000800f030       0x28 build/decoder/STM32F30x_decoder.o
                0x000000000800f030                CAN_TI2R_fields
 .rodata.ADC1_IER_fields
                0x000000000800f058       0x58 build/decoder/STM32F30x_decoder.o
                0x000000000800f058                ADC1_IER_fields
 .rodata.NVIC_ICPR2_fields
                0x000000000800f0b0        0x8 build/decoder/STM32F30x_decoder.o
                0x000000000800f0b0                NVIC_ICPR2_fields
 .rodata.EXTI_IMR1_fields
                0x000000000800f0b8      0x100 build/decoder/STM32F30x_decoder.o
                0x000000000800f0b8                EXTI_IMR1_fields
 .rodata.TSC_IOASCR_fields
                0x000000000800f1b8      0x100 build/decoder/STM32F30x_decoder.o
                0x000000000800f1b8                TSC_IOASCR_fields
 .rodata.RCC_CFGR2_fields
                0x000000000800f2b8       0x18 build/decoder/STM32F30x_decoder.o
                0x000000000800f2b8                RCC_CFGR2_fields
 .rodata.TIM1_PSC_fields
                0x000000000800f2d0        0x8 build/decoder/STM32F30x_decoder.o
                0x000000000800f2d0                TIM1_PSC_fields
 .rodata.Flash_KEYR_fields
                0x000000000800f2d8        0x8 build/decoder/STM32F30x_decoder.o
                0x000000000800f2d8                Flash_KEYR_fields
 .rodata.TIM8_CR2_fields
                0x000000000800f2e0       0x78 build/decoder/STM32F30x_decoder.o
                0x000000000800f2e0                TIM8_CR2_fields
 .rodata.ADC1_CFGR_fields
                0x000000000800f358       0x98 build/decoder/STM32F30x_decoder.o
                0x000000000800f358                ADC1_CFGR_fields
 .rodata.TIM17_EGR_fields
                0x000000000800f3f0       0x28 build/decoder/STM32F30x_decoder.o
                0x000000000800f3f0                TIM17_EGR_fields
 .rodata.TSC_IOGCSR_fields
                0x000000000800f418       0x80 build/decoder/STM32F30x_decoder.o
                0x000000000800f418                TSC_IOGCSR_fields
 .rodata.NVIC_IPR0_fields
                0x000000000800f498       0x20 build/decoder/STM32F30x_decoder.o
                0x000000000800f498                NVIC_IPR0_fields
 .rodata.NVIC_IPR8_fields
                0x000000000800f4b8       0x20 build/decoder/STM32F30x_decoder.o
                0x000000000800f4b8                NVIC_IPR8_fields
 .rodata.RTC_WUTR_fields
                0x000000000800f4d8        0x8 build/decoder/STM32F30x_decoder.o
                0x000000000800f4d8                RTC_WUTR_fields
 .rodata.GPIOB_OSPEEDR_fields
                0x000000000800f4e0       0x80 build/decoder/STM32F30x_decoder.o
                0x000000000800f4e0                GPIOB_OSPEEDR_fields
 .rodata.ADC1_ISR_fields
                0x000000000800f560       0x58 build/decoder/STM32F30x_decoder.o
                0x000000000800f560                ADC1_ISR_fields
 .rodata.NVIC_ICER1_fields
                0x000000000800f5b8        0x8 build/decoder/STM32F30x_decoder.o
                0x000000000800f5b8                NVIC_ICER1_fields
 .rodata.RTC_BKP7R_fields
                0x000000000800f5c0        0x8 build/decoder/STM32F30x_decoder.o
                0x000000000800f5c0                RTC_BKP7R_fields
 .rodata.CAN_RF0R_fields
                0x000000000800f5c8       0x20 build/decoder/STM32F30x_decoder.o
                0x000000000800f5c8                CAN_RF0R_fields
 .rodata.CAN_FS1R_fields
                0x000000000800f5e8       0xe0 build/decoder/STM32F30x_decoder.o
                0x000000000800f5e8                CAN_FS1R_fields
 .rodata.GPIOA_AFRL_fields
                0x000000000800f6c8       0x40 build/decoder/STM32F30x_decoder.o
                0x000000000800f6c8                GPIOA_AFRL_fields
 .rodata.DMA1_CMAR3_fields
                0x000000000800f708        0x8 build/decoder/STM32F30x_decoder.o
                0x000000000800f708                DMA1_CMAR3_fields
 .rodata.ADC1_SQR1_fields
                0x000000000800f710       0x28 build/decoder/STM32F30x_decoder.o
                0x000000000800f710                ADC1_SQR1_fields
 .rodata.CAN_F15R2_fields
                0x000000000800f738      0x100 build/decoder/STM32F30x_decoder.o
                0x000000000800f738                CAN_F15R2_fields
 .rodata.TIM2_DMAR_fields
                0x000000000800f838        0x8 build/decoder/STM32F30x_decoder.o
                0x000000000800f838                TIM2_DMAR_fields
 .rodata.I2C1_TIMEOUTR_fields
                0x000000000800f840       0x28 build/decoder/STM32F30x_decoder.o
                0x000000000800f840                I2C1_TIMEOUTR_fields
 .rodata.GPIOB_LCKR_fields
                0x000000000800f868       0x88 build/decoder/STM32F30x_decoder.o
                0x000000000800f868                GPIOB_LCKR_fields
 .rodata.DAC_DHR8R1_fields
                0x000000000800f8f0        0x8 build/decoder/STM32F30x_decoder.o
                0x000000000800f8f0                DAC_DHR8R1_fields
 .rodata.TIM1_CCMR1_Output_fields
                0x000000000800f8f8       0x60 build/decoder/STM32F30x_decoder.o
                0x000000000800f8f8                TIM1_CCMR1_Output_fields
 .rodata.TIM1_CCR2_fields
                0x000000000800f958        0x8 build/decoder/STM32F30x_decoder.o
                0x000000000800f958                TIM1_CCR2_fields
 .rodata.TIM1_OR_fields
                0x000000000800f960       0x10 build/decoder/STM32F30x_decoder.o
                0x000000000800f960                TIM1_OR_fields
 .rodata.USART1_TDR_fields
                0x000000000800f970        0x8 build/decoder/STM32F30x_decoder.o
                0x000000000800f970                USART1_TDR_fields
 .rodata.NVIC_STIR_fields
                0x000000000800f978        0x8 build/decoder/STM32F30x_decoder.o
                0x000000000800f978                NVIC_STIR_fields
 .rodata.USB_FS_USB_EP7R_fields
                0x000000000800f980       0x50 build/decoder/STM32F30x_decoder.o
                0x000000000800f980                USB_FS_USB_EP7R_fields
 .rodata.ADC1_SQR4_fields
                0x000000000800f9d0       0x10 build/decoder/STM32F30x_decoder.o
                0x000000000800f9d0                ADC1_SQR4_fields
 .rodata.SYSCFG_registers
                0x000000000800f9e0       0x70 build/decoder/STM32F30x_decoder.o
                0x000000000800f9e0                SYSCFG_registers
 .rodata.PWR_CSR_fields
                0x000000000800fa50       0x28 build/decoder/STM32F30x_decoder.o
                0x000000000800fa50                PWR_CSR_fields
 .rodata.GPIOB_AFRH_fields
                0x000000000800fa78       0x40 build/decoder/STM32F30x_decoder.o
                0x000000000800fa78                GPIOB_AFRH_fields
 .rodata.FPU_FPCCR_fields
                0x000000000800fab8       0x48 build/decoder/STM32F30x_decoder.o
                0x000000000800fab8                FPU_FPCCR_fields
 .rodata.DBGMCU_APB2FZ_fields
                0x000000000800fb00       0x20 build/decoder/STM32F30x_decoder.o
                0x000000000800fb00                DBGMCU_APB2FZ_fields
 .rodata.TIM8_CCR1_fields
                0x000000000800fb20        0x8 build/decoder/STM32F30x_decoder.o
                0x000000000800fb20                TIM8_CCR1_fields
 .rodata.WWDG_SR_fields
                0x000000000800fb28        0x8 build/decoder/STM32F30x_decoder.o
                0x000000000800fb28                WWDG_SR_fields
 .rodata.TIM16_DIER_fields
                0x000000000800fb30       0x48 build/decoder/STM32F30x_decoder.o
                0x000000000800fb30                TIM16_DIER_fields
 .rodata.TIM1_CCR5_fields
                0x000000000800fb78       0x20 build/decoder/STM32F30x_decoder.o
                0x000000000800fb78                TIM1_CCR5_fields
 .rodata.TIM8_BDTR_fields
                0x000000000800fb98       0x60 build/decoder/STM32F30x_decoder.o
                0x000000000800fb98                TIM8_BDTR_fields
 .rodata.Flash_CR_fields
                0x000000000800fbf8       0x58 build/decoder/STM32F30x_decoder.o
                0x000000000800fbf8                Flash_CR_fields
 .rodata.TIM1_DIER_fields
                0x000000000800fc50       0x78 build/decoder/STM32F30x_decoder.o
                0x000000000800fc50                TIM1_DIER_fields
 .rodata.RTC_BKP26R_fields
                0x000000000800fcc8        0x8 build/decoder/STM32F30x_decoder.o
                0x000000000800fcc8                RTC_BKP26R_fields
 .rodata.Flash_OBR_fields
                0x000000000800fcd0       0x58 build/decoder/STM32F30x_decoder.o
                0x000000000800fcd0                Flash_OBR_fields
 .rodata.ADC1_AWD2CR_fields
                0x000000000800fd28        0x8 build/decoder/STM32F30x_decoder.o
                0x000000000800fd28                ADC1_AWD2CR_fields
 .rodata.FPU_registers
                0x000000000800fd30       0x60 build/decoder/STM32F30x_decoder.o
                0x000000000800fd30                FPU_registers
 .rodata.DAC_CR_fields
                0x000000000800fd90       0x80 build/decoder/STM32F30x_decoder.o
                0x000000000800fd90                DAC_CR_fields
 .rodata.NVIC_IPR10_fields
                0x000000000800fe10       0x20 build/decoder/STM32F30x_decoder.o
                0x000000000800fe10                NVIC_IPR10_fields
 .rodata.TIM15_CCR1_fields
                0x000000000800fe30        0x8 build/decoder/STM32F30x_decoder.o
                0x000000000800fe30                TIM15_CCR1_fields
 .rodata.RTC_ALRMAR_fields
                0x000000000800fe38       0x70 build/decoder/STM32F30x_decoder.o
                0x000000000800fe38                RTC_ALRMAR_fields
 .rodata.GPIOA_BSRR_fields
                0x000000000800fea8      0x100 build/decoder/STM32F30x_decoder.o
                0x000000000800fea8                GPIOA_BSRR_fields
 .rodata.TIM16_SR_fields
                0x000000000800ffa8       0x30 build/decoder/STM32F30x_decoder.o
                0x000000000800ffa8                TIM16_SR_fields
 .rodata.CAN_F6R1_fields
                0x000000000800ffd8      0x100 build/decoder/STM32F30x_decoder.o
                0x000000000800ffd8                CAN_F6R1_fields
 .rodata.ADC1_OFR1_fields
                0x00000000080100d8       0x18 build/decoder/STM32F30x_decoder.o
                0x00000000080100d8                ADC1_OFR1_fields
 .rodata.TIM15_CR1_fields
                0x00000000080100f0       0x38 build/decoder/STM32F30x_decoder.o
                0x00000000080100f0                TIM15_CR1_fields
 .rodata.NVIC_IABR2_fields
                0x0000000008010128        0x8 build/decoder/STM32F30x_decoder.o
                0x0000000008010128                NVIC_IABR2_fields
 .rodata.DMA1_CCR2_fields
                0x0000000008010130       0x60 build/decoder/STM32F30x_decoder.o
                0x0000000008010130                DMA1_CCR2_fields
 .rodata.NVIC_IPR13_fields
                0x0000000008010190       0x20 build/decoder/STM32F30x_decoder.o
                0x0000000008010190                NVIC_IPR13_fields
 .rodata.CAN_F22R2_fields
                0x00000000080101b0      0x100 build/decoder/STM32F30x_decoder.o
                0x00000000080101b0                CAN_F22R2_fields
 .rodata.CAN_F0R2_fields
                0x00000000080102b0      0x100 build/decoder/STM32F30x_decoder.o
                0x00000000080102b0                CAN_F0R2_fields
 .rodata.RTC_BKP0R_fields
                0x00000000080103b0        0x8 build/decoder/STM32F30x_decoder.o
                0x00000000080103b0                RTC_BKP0R_fields
 .rodata.CAN_F19R1_fields
                0x00000000080103b8      0x100 build/decoder/STM32F30x_decoder.o
                0x00000000080103b8                CAN_F19R1_fields
 .rodata.DMA1_IFCR_fields
                0x00000000080104b8       0xe0 build/decoder/STM32F30x_decoder.o
                0x00000000080104b8                DMA1_IFCR_fields
 .rodata.TIM16_CCMR1_Input_fields
                0x0000000008010598       0x18 build/decoder/STM32F30x_decoder.o
                0x0000000008010598                TIM16_CCMR1_Input_fields
 .rodata.TIM2_SMCR_fields
                0x00000000080105b0       0x48 build/decoder/STM32F30x_decoder.o
                0x00000000080105b0                TIM2_SMCR_fields
 .rodata.CAN_TDT1R_fields
                0x00000000080105f8       0x18 build/decoder/STM32F30x_decoder.o
                0x00000000080105f8                CAN_TDT1R_fields
 .rodata.COMP_COMP6_CSR_fields
                0x0000000008010610       0x58 build/decoder/STM32F30x_decoder.o
                0x0000000008010610                COMP_COMP6_CSR_fields
 .rodata.I2C1_CR2_fields
                0x0000000008010668       0x68 build/decoder/STM32F30x_decoder.o
                0x0000000008010668                I2C1_CR2_fields
 .rodata.TIM1_CR1_fields
                0x00000000080106d0       0x48 build/decoder/STM32F30x_decoder.o
                0x00000000080106d0                TIM1_CR1_fields
 .rodata.CAN_F26R2_fields
                0x0000000008010718      0x100 build/decoder/STM32F30x_decoder.o
                0x0000000008010718                CAN_F26R2_fields
 .rodata.RTC_BKP10R_fields
                0x0000000008010818        0x8 build/decoder/STM32F30x_decoder.o
                0x0000000008010818                RTC_BKP10R_fields
 .rodata.DMA1_CMAR6_fields
                0x0000000008010820        0x8 build/decoder/STM32F30x_decoder.o
                0x0000000008010820                DMA1_CMAR6_fields
 .rodata.CAN_F11R2_fields
                0x0000000008010828      0x100 build/decoder/STM32F30x_decoder.o
                0x0000000008010828                CAN_F11R2_fields
 .rodata.NVIC_IPR20_fields
                0x0000000008010928       0x20 build/decoder/STM32F30x_decoder.o
                0x0000000008010928                NVIC_IPR20_fields
 .rodata.ADC1_DR_fields
                0x0000000008010948        0x8 build/decoder/STM32F30x_decoder.o
                0x0000000008010948                ADC1_DR_fields
 .rodata.CAN_F16R1_fields
                0x0000000008010950      0x100 build/decoder/STM32F30x_decoder.o
                0x0000000008010950                CAN_F16R1_fields
 .rodata.TSC_registers
                0x0000000008010a50      0x110 build/decoder/STM32F30x_decoder.o
                0x0000000008010a50                TSC_registers
 .rodata.ADC1_registers
                0x0000000008010b60      0x1b0 build/decoder/STM32F30x_decoder.o
                0x0000000008010b60                ADC1_registers
 .rodata.TIM17_CR2_fields
                0x0000000008010d10       0x28 build/decoder/STM32F30x_decoder.o
                0x0000000008010d10                TIM17_CR2_fields
 .rodata.PWR_registers
                0x0000000008010d38       0x20 build/decoder/STM32F30x_decoder.o
                0x0000000008010d38                PWR_registers
 .rodata.TIM8_ARR_fields
                0x0000000008010d58        0x8 build/decoder/STM32F30x_decoder.o
                0x0000000008010d58                TIM8_ARR_fields
 .rodata.EXTI_RTSR1_fields
                0x0000000008010d60       0xd0 build/decoder/STM32F30x_decoder.o
                0x0000000008010d60                EXTI_RTSR1_fields
 .rodata.RCC_APB2ENR_fields
                0x0000000008010e30       0x40 build/decoder/STM32F30x_decoder.o
                0x0000000008010e30                RCC_APB2ENR_fields
 .rodata.NVIC_IPR3_fields
                0x0000000008010e70       0x20 build/decoder/STM32F30x_decoder.o
                0x0000000008010e70                NVIC_IPR3_fields
 .rodata.I2C1_TIMINGR_fields
                0x0000000008010e90       0x28 build/decoder/STM32F30x_decoder.o
                0x0000000008010e90                I2C1_TIMINGR_fields
 .rodata.USART1_CR1_fields
                0x0000000008010eb8       0xa0 build/decoder/STM32F30x_decoder.o
                0x0000000008010eb8                USART1_CR1_fields
 .rodata.USART1_RDR_fields
                0x0000000008010f58        0x8 build/decoder/STM32F30x_decoder.o
                0x0000000008010f58                USART1_RDR_fields
 .rodata.CAN_F13R1_fields